    Checking anubis-compiler v0.1.0 (/Users/sicarii/anubis-lang/compiler)
error: this `if` has identical blocks
   --> compiler/src/evidence/mod.rs:523:44
    |
523 |               let src = if pat.contains('/') {
    |  ____________________________________________^
524 | |                 risc0_dir.join(pat)
525 | |             } else {
    | |_____________^
    |
note: same as this
   --> compiler/src/evidence/mod.rs:525:20
    |
525 |               } else {
    |  ____________________^
526 | |                 risc0_dir.join(pat)
527 | |             };
    | |_____________^
    = help: for further information visit https://rust-lang.github.io/rust-clippy/master/index.html#if_same_then_else
    = note: `-D clippy::if-same-then-else` implied by `-D warnings`
    = help: to override `-D warnings` add `#[allow(clippy::if_same_then_else)]`

error: unnecessary `if let` since only the `Ok` variant of the iterator element is used
   --> compiler/src/evidence/mod.rs:549:5
    |
549 | /     for entry in std::fs::read_dir(parent).ok().into_iter().flatten() {
550 | |         if let Ok(e) = entry {
551 | |             let name = e.file_name().to_string_lossy().to_string();
552 | |             if name.starts_with("risc0_") && e.path().is_file() {
...   |
561 | |     }
    | |_____^
    |
help: try `.flatten()` and remove the `if let` statement in the for loop
   --> compiler/src/evidence/mod.rs:550:9
    |
550 | /         if let Ok(e) = entry {
551 | |             let name = e.file_name().to_string_lossy().to_string();
552 | |             if name.starts_with("risc0_") && e.path().is_file() {
553 | |                 if let Ok(data) = std::fs::read(e.path()) {
...   |
560 | |         }
    | |_________^
    = help: for further information visit https://rust-lang.github.io/rust-clippy/master/index.html#manual_flatten
    = note: `-D clippy::manual-flatten` implied by `-D warnings`
    = help: to override `-D warnings` add `#[allow(clippy::manual_flatten)]`
help: try
    |
549 ~     for e in std::fs::read_dir(parent).ok().into_iter().flatten().flatten() {
550 +         let name = e.file_name().to_string_lossy().to_string();
551 +         if name.starts_with("risc0_") && e.path().is_file() {
552 +             if let Ok(data) = std::fs::read(e.path()) {
553 +                 let _ = std::fs::write(bundle_dir.join(&name), &data);
554 +                 if !copied.iter().any(|(n, _)| n == &name) {
555 +                     copied.push((name, sha256_bytes(&data)));
556 +                 }
557 +             }
558 +         }
559 +     }
    |

error: could not compile `anubis-compiler` (lib) due to 2 previous errors
warning: build failed, waiting for other jobs to finish...
error: could not compile `anubis-compiler` (lib test) due to 2 previous errors
