Diff in /Users/sicarii/anubis-lang/tools/anubis/src/main.rs:342:
 "#,
                 )?;
                 std::fs::create_dir_all(methods_dir.join("src"))?;
-                std::fs::write(methods_dir.join("src/lib.rs"), "pub fn _risc0_build_helper() {}\n")?;
                 std::fs::write(
+                    methods_dir.join("src/lib.rs"),
+                    "pub fn _risc0_build_helper() {}\n",
+                )?;
+                std::fs::write(
                     methods_dir.join("build.rs"),
                     "fn main() { risc0_build::embed_methods(); }\n",
                 )?;
Diff in /Users/sicarii/anubis-lang/tools/anubis/src/main.rs:444:
                 // Final real receipt generation (after all ELF search/copy attempts)
                 if risc0_side.join("guest.elf").exists() {
                     if let Ok(elfb) = std::fs::read(risc0_side.join("guest.elf")) {
-                        let parts: Vec<u32> = real_id.split_whitespace().filter_map(|s| s.parse::<u32>().ok()).collect();
+                        let parts: Vec<u32> = real_id
+                            .split_whitespace()
+                            .filter_map(|s| s.parse::<u32>().ok())
+                            .collect();
                         if parts.len() == 8 {
                             let mut ida = [0u32; 8];
                             ida.copy_from_slice(&parts);
Diff in /Users/sicarii/anubis-lang/tools/anubis/src/main.rs:451:
-                            if let Ok(envb) = risc0_zkvm::ExecutorEnv::builder().write(&7u32).and_then(|b| b.build()) {
+                            if let Ok(envb) = risc0_zkvm::ExecutorEnv::builder()
+                                .write(&7u32)
+                                .and_then(|b| b.build())
+                            {
                                 if let Ok(pi) = risc0_zkvm::default_prover().prove(envb, &elfb) {
                                     if let Ok(rb) = bincode::serialize(&pi.receipt) {
                                         let _ = std::fs::write(risc0_side.join("receipt.bin"), &rb);
