warning: function `metal_hybrid_reference_root_from` is never used
    --> tools/anubis/src/main.rs:1231:4
     |
1231 | fn metal_hybrid_reference_root_from(resolved: &Path) -> PathBuf {
     |    ^^^^^^^^^^^^^^^^^^^^^^^^^^^^^^^^
     |
     = note: `#[warn(dead_code)]` (part of `#[warn(unused)]`) on by default

warning: function `metal_hybrid_reference_root` is never used
    --> tools/anubis/src/main.rs:1243:4
     |
1243 | fn metal_hybrid_reference_root() -> PathBuf {
     |    ^^^^^^^^^^^^^^^^^^^^^^^^^^^

warning: function `risc0_vendor_patch_path` is never used
    --> tools/anubis/src/main.rs:1247:4
     |
1247 | fn risc0_vendor_patch_path() -> PathBuf {
     |    ^^^^^^^^^^^^^^^^^^^^^^^

warning: `anubis` (bin "anubis") generated 3 warnings
    Finished `dev` profile [unoptimized + debuginfo] target(s) in 0.15s
warning: the following packages contain code that will be rejected by a future version of Rust: block v0.1.6
note: to see what the problems were, use the option `--future-incompat-report`, or run `cargo report future-incompatibilities --id 1`
     Running `target/debug/anubis check tests/fixtures/language_core/tainted_sink_without_declassify.anb --evidence --out out/gate12_language_fixtures/tainted_sink_without_declassify`
anubis check tests/fixtures/language_core/tainted_sink_without_declassify.anb (evidence=true)
evidence bundle: out/gate12_language_fixtures/tainted_sink_without_declassify/evidence-20260706-175736-safe
verdict: FAIL
check failed: ANUBIS_TAINTED_SINK_WITHOUT_DECLASSIFY: safe mode tainted flow from `s` to sink `sink` requires declassify() or research boundary
