=== Gate 11 Metal Parity Check ===
Mon Jul  6 16:07:16 EDT 2026
host: Darwin MacBook-Pro.local 25.0.0 Darwin Kernel Version 25.0.0: Mon Aug 25 21:17:54 PDT 2025; root:xnu-12377.1.9~3/RELEASE_ARM64_T6041 arm64
require_metal=1
reference: /Users/sicarii/Desktop/metal-hybrid-prover
=== Fixture: metal_parity_hello ===
Prove CPU (R0_DISABLE_METAL=1 --lane cpu)...
    Finished `release` profile [optimized] target(s) in 0.03s
     Running `target/release/anubis prove examples/metal_parity_hello.anb --backend risc0 --lane cpu --evidence --out out/a15_gate15_metal_parity_real/metal_parity_hello_cpu`
anubis prove examples/metal_parity_hello.anb --backend risc0 --lane cpu (evidence=true)
lowered artifact: out/a15_gate15_metal_parity_real/metal_parity_hello_cpu/risc0_receipt
Building risc0 methods (risc0-build will compute real ImageID from ELF)...
error: failed to load source for dependency `risc0-circuit-rv32im`

Caused by:
  unable to update /Users/sicarii/Desktop/metal-hybrid-prover/vendor/risc0-circuit-rv32im

Caused by:
  failed to read `/Users/sicarii/Desktop/metal-hybrid-prover/vendor/risc0-circuit-rv32im/Cargo.toml`

Caused by:
  No such file or directory (os error 2)
risc0 sidecars (REAL derived ID: NO_REAL_ID_DERIVED)
evidence bundle: out/a15_gate15_metal_parity_real/metal_parity_hello_cpu/evidence-20260706-200716-safe
verdict: FAIL
prove complete
Prove Metal-hybrid (no R0_DISABLE --lane metal-hybrid)...
    Finished `release` profile [optimized] target(s) in 0.03s
     Running `target/release/anubis prove examples/metal_parity_hello.anb --backend risc0 --lane metal-hybrid --evidence --out out/a15_gate15_metal_parity_real/metal_parity_hello_metal`
anubis prove examples/metal_parity_hello.anb --backend risc0 --lane metal-hybrid (evidence=true)
lowered artifact: out/a15_gate15_metal_parity_real/metal_parity_hello_metal/risc0_receipt
Building risc0 methods (risc0-build will compute real ImageID from ELF)...
error: failed to load source for dependency `risc0-circuit-rv32im`

Caused by:
  unable to update /Users/sicarii/Desktop/metal-hybrid-prover/vendor/risc0-circuit-rv32im

Caused by:
  failed to read `/Users/sicarii/Desktop/metal-hybrid-prover/vendor/risc0-circuit-rv32im/Cargo.toml`

Caused by:
  No such file or directory (os error 2)
risc0 sidecars (REAL derived ID: NO_REAL_ID_DERIVED)
evidence bundle: out/a15_gate15_metal_parity_real/metal_parity_hello_metal/evidence-20260706-200716-safe
verdict: FAIL
prove complete
    Finished `release` profile [optimized] target(s) in 0.03s
     Running `target/release/anubis verify-receipt --receipt out/a15_gate15_metal_parity_real/metal_parity_hello_cpu/backend/risc0/receipt.bin --image-id out/a15_gate15_metal_parity_real/metal_parity_hello_cpu/backend/risc0/image_id.txt`
anubis verify-receipt --receipt out/a15_gate15_metal_parity_real/metal_parity_hello_cpu/backend/risc0/receipt.bin --image-id out/a15_gate15_metal_parity_real/metal_parity_hello_cpu/backend/risc0/image_id.txt
Error: receipt verify FAILED: placeholder or empty image ID
    Finished `release` profile [optimized] target(s) in 0.03s
     Running `target/release/anubis verify-receipt --receipt out/a15_gate15_metal_parity_real/metal_parity_hello_metal/backend/risc0/receipt.bin --image-id out/a15_gate15_metal_parity_real/metal_parity_hello_metal/backend/risc0/image_id.txt`
anubis verify-receipt --receipt out/a15_gate15_metal_parity_real/metal_parity_hello_metal/backend/risc0/receipt.bin --image-id out/a15_gate15_metal_parity_real/metal_parity_hello_metal/backend/risc0/image_id.txt
Error: receipt verify FAILED: placeholder or empty image ID
ERROR: missing extracted journal.bin for metal_parity_hello (CPU or Metal). Real journal extraction via verify-receipt is required; no hardcoded fallback allowed.
Fixture metal_parity_hello verdict=FAIL cpu_lane=cpu metal_lane=unknown
=== Fixture: metal_parity_arithmetic ===
Prove CPU (R0_DISABLE_METAL=1 --lane cpu)...
    Finished `release` profile [optimized] target(s) in 0.02s
     Running `target/release/anubis prove examples/metal_parity_arithmetic.anb --backend risc0 --lane cpu --evidence --out out/a15_gate15_metal_parity_real/metal_parity_arithmetic_cpu`
anubis prove examples/metal_parity_arithmetic.anb --backend risc0 --lane cpu (evidence=true)
lowered artifact: out/a15_gate15_metal_parity_real/metal_parity_arithmetic_cpu/risc0_receipt
Building risc0 methods (risc0-build will compute real ImageID from ELF)...
error: failed to load source for dependency `risc0-circuit-rv32im`

Caused by:
  unable to update /Users/sicarii/Desktop/metal-hybrid-prover/vendor/risc0-circuit-rv32im

Caused by:
  failed to read `/Users/sicarii/Desktop/metal-hybrid-prover/vendor/risc0-circuit-rv32im/Cargo.toml`

Caused by:
  No such file or directory (os error 2)
risc0 sidecars (REAL derived ID: NO_REAL_ID_DERIVED)
evidence bundle: out/a15_gate15_metal_parity_real/metal_parity_arithmetic_cpu/evidence-20260706-200717-safe
verdict: FAIL
prove complete
Prove Metal-hybrid (no R0_DISABLE --lane metal-hybrid)...
    Finished `release` profile [optimized] target(s) in 0.03s
     Running `target/release/anubis prove examples/metal_parity_arithmetic.anb --backend risc0 --lane metal-hybrid --evidence --out out/a15_gate15_metal_parity_real/metal_parity_arithmetic_metal`
anubis prove examples/metal_parity_arithmetic.anb --backend risc0 --lane metal-hybrid (evidence=true)
lowered artifact: out/a15_gate15_metal_parity_real/metal_parity_arithmetic_metal/risc0_receipt
Building risc0 methods (risc0-build will compute real ImageID from ELF)...
error: failed to load source for dependency `risc0-circuit-rv32im`

Caused by:
  unable to update /Users/sicarii/Desktop/metal-hybrid-prover/vendor/risc0-circuit-rv32im

Caused by:
  failed to read `/Users/sicarii/Desktop/metal-hybrid-prover/vendor/risc0-circuit-rv32im/Cargo.toml`

Caused by:
  No such file or directory (os error 2)
risc0 sidecars (REAL derived ID: NO_REAL_ID_DERIVED)
evidence bundle: out/a15_gate15_metal_parity_real/metal_parity_arithmetic_metal/evidence-20260706-200718-safe
verdict: FAIL
prove complete
    Finished `release` profile [optimized] target(s) in 0.03s
     Running `target/release/anubis verify-receipt --receipt out/a15_gate15_metal_parity_real/metal_parity_arithmetic_cpu/backend/risc0/receipt.bin --image-id out/a15_gate15_metal_parity_real/metal_parity_arithmetic_cpu/backend/risc0/image_id.txt`
anubis verify-receipt --receipt out/a15_gate15_metal_parity_real/metal_parity_arithmetic_cpu/backend/risc0/receipt.bin --image-id out/a15_gate15_metal_parity_real/metal_parity_arithmetic_cpu/backend/risc0/image_id.txt
Error: receipt verify FAILED: placeholder or empty image ID
    Finished `release` profile [optimized] target(s) in 0.03s
     Running `target/release/anubis verify-receipt --receipt out/a15_gate15_metal_parity_real/metal_parity_arithmetic_metal/backend/risc0/receipt.bin --image-id out/a15_gate15_metal_parity_real/metal_parity_arithmetic_metal/backend/risc0/image_id.txt`
anubis verify-receipt --receipt out/a15_gate15_metal_parity_real/metal_parity_arithmetic_metal/backend/risc0/receipt.bin --image-id out/a15_gate15_metal_parity_real/metal_parity_arithmetic_metal/backend/risc0/image_id.txt
Error: receipt verify FAILED: placeholder or empty image ID
ERROR: missing extracted journal.bin for metal_parity_arithmetic (CPU or Metal). Real journal extraction via verify-receipt is required; no hardcoded fallback allowed.
Fixture metal_parity_arithmetic verdict=FAIL cpu_lane=cpu metal_lane=unknown
=== Fixture: metal_parity_symbolic_safe ===
Prove CPU (R0_DISABLE_METAL=1 --lane cpu)...
    Finished `release` profile [optimized] target(s) in 0.02s
     Running `target/release/anubis prove examples/metal_parity_symbolic_safe.anb --backend risc0 --lane cpu --evidence --out out/a15_gate15_metal_parity_real/metal_parity_symbolic_safe_cpu`
anubis prove examples/metal_parity_symbolic_safe.anb --backend risc0 --lane cpu (evidence=true)
lowered artifact: out/a15_gate15_metal_parity_real/metal_parity_symbolic_safe_cpu/risc0_receipt
Building risc0 methods (risc0-build will compute real ImageID from ELF)...
error: failed to load source for dependency `risc0-circuit-rv32im`

Caused by:
  unable to update /Users/sicarii/Desktop/metal-hybrid-prover/vendor/risc0-circuit-rv32im

Caused by:
  failed to read `/Users/sicarii/Desktop/metal-hybrid-prover/vendor/risc0-circuit-rv32im/Cargo.toml`

Caused by:
  No such file or directory (os error 2)
risc0 sidecars (REAL derived ID: NO_REAL_ID_DERIVED)
evidence bundle: out/a15_gate15_metal_parity_real/metal_parity_symbolic_safe_cpu/evidence-20260706-200719-safe
verdict: FAIL
prove complete
Prove Metal-hybrid (no R0_DISABLE --lane metal-hybrid)...
    Finished `release` profile [optimized] target(s) in 0.03s
     Running `target/release/anubis prove examples/metal_parity_symbolic_safe.anb --backend risc0 --lane metal-hybrid --evidence --out out/a15_gate15_metal_parity_real/metal_parity_symbolic_safe_metal`
anubis prove examples/metal_parity_symbolic_safe.anb --backend risc0 --lane metal-hybrid (evidence=true)
lowered artifact: out/a15_gate15_metal_parity_real/metal_parity_symbolic_safe_metal/risc0_receipt
Building risc0 methods (risc0-build will compute real ImageID from ELF)...
error: failed to load source for dependency `risc0-circuit-rv32im`

Caused by:
  unable to update /Users/sicarii/Desktop/metal-hybrid-prover/vendor/risc0-circuit-rv32im

Caused by:
  failed to read `/Users/sicarii/Desktop/metal-hybrid-prover/vendor/risc0-circuit-rv32im/Cargo.toml`

Caused by:
  No such file or directory (os error 2)
risc0 sidecars (REAL derived ID: NO_REAL_ID_DERIVED)
evidence bundle: out/a15_gate15_metal_parity_real/metal_parity_symbolic_safe_metal/evidence-20260706-200719-safe
verdict: FAIL
prove complete
    Finished `release` profile [optimized] target(s) in 0.03s
     Running `target/release/anubis verify-receipt --receipt out/a15_gate15_metal_parity_real/metal_parity_symbolic_safe_cpu/backend/risc0/receipt.bin --image-id out/a15_gate15_metal_parity_real/metal_parity_symbolic_safe_cpu/backend/risc0/image_id.txt`
anubis verify-receipt --receipt out/a15_gate15_metal_parity_real/metal_parity_symbolic_safe_cpu/backend/risc0/receipt.bin --image-id out/a15_gate15_metal_parity_real/metal_parity_symbolic_safe_cpu/backend/risc0/image_id.txt
Error: receipt verify FAILED: placeholder or empty image ID
    Finished `release` profile [optimized] target(s) in 0.03s
     Running `target/release/anubis verify-receipt --receipt out/a15_gate15_metal_parity_real/metal_parity_symbolic_safe_metal/backend/risc0/receipt.bin --image-id out/a15_gate15_metal_parity_real/metal_parity_symbolic_safe_metal/backend/risc0/image_id.txt`
anubis verify-receipt --receipt out/a15_gate15_metal_parity_real/metal_parity_symbolic_safe_metal/backend/risc0/receipt.bin --image-id out/a15_gate15_metal_parity_real/metal_parity_symbolic_safe_metal/backend/risc0/image_id.txt
Error: receipt verify FAILED: placeholder or empty image ID
ERROR: missing extracted journal.bin for metal_parity_symbolic_safe (CPU or Metal). Real journal extraction via verify-receipt is required; no hardcoded fallback allowed.
Fixture metal_parity_symbolic_safe verdict=FAIL cpu_lane=cpu metal_lane=unknown
=== DONE ===
{
  "schema_version": "1.0",
  "host": {
    "os": "Darwin",
    "machine": "arm64",
    "apple_silicon": true,
    "tier2_metal_available": true
  },
  "reference": {
    "repo": "https://github.com/AnubisQuantumCipher/risc0-metal-hybrid",
    "local_path": "/Users/sicarii/Desktop/metal-hybrid-prover",
    "vendor_path": "/Users/sicarii/Desktop/metal-hybrid-prover/vendor/risc0-circuit-rv32im"
  },
  "fixtures": [
    {
      "name": "metal_parity_hello",
      "cpu": {
        "bundle": "out/a15_gate15_metal_parity_real/metal_parity_hello_cpu",
        "lane_observed": "cpu",
        "receipt_verify": "failed",
        "journal_sha256": "MISSING",
        "image_id": "NO_REAL_ID_DERIVED"
      },
      "metal": {
        "bundle": "out/a15_gate15_metal_parity_real/metal_parity_hello_metal",
        "lane_observed": "unknown",
        "receipt_verify": "failed",
        "journal_sha256": "MISSING",
        "image_id": "NO_REAL_ID_DERIVED"
      },
      "parity": {
        "image_id_match": true,
        "journal_match": false,
        "output_match": false,
        "both_receipts_verify": false
      },
      "verdict": "FAIL"
    }
,
    {
      "name": "metal_parity_arithmetic",
      "cpu": {
        "bundle": "out/a15_gate15_metal_parity_real/metal_parity_arithmetic_cpu",
        "lane_observed": "cpu",
        "receipt_verify": "failed",
        "journal_sha256": "MISSING",
        "image_id": "NO_REAL_ID_DERIVED"
      },
      "metal": {
        "bundle": "out/a15_gate15_metal_parity_real/metal_parity_arithmetic_metal",
        "lane_observed": "unknown",
        "receipt_verify": "failed",
        "journal_sha256": "MISSING",
        "image_id": "NO_REAL_ID_DERIVED"
      },
      "parity": {
        "image_id_match": true,
        "journal_match": false,
        "output_match": false,
        "both_receipts_verify": false
      },
      "verdict": "FAIL"
    }
,
    {
      "name": "metal_parity_symbolic_safe",
      "cpu": {
        "bundle": "out/a15_gate15_metal_parity_real/metal_parity_symbolic_safe_cpu",
        "lane_observed": "cpu",
        "receipt_verify": "failed",
        "journal_sha256": "MISSING",
        "image_id": "NO_REAL_ID_DERIVED"
      },
      "metal": {
        "bundle": "out/a15_gate15_metal_parity_real/metal_parity_symbolic_safe_metal",
        "lane_observed": "unknown",
        "receipt_verify": "failed",
        "journal_sha256": "MISSING",
        "image_id": "NO_REAL_ID_DERIVED"
      },
      "parity": {
        "image_id_match": true,
        "journal_match": false,
        "output_match": false,
        "both_receipts_verify": false
      },
      "verdict": "FAIL"
    }
  ],
  "overall_verdict": "PARTIAL"
}
Canonicalizing report via gate11-metal-parity subcommand...
    Finished `release` profile [optimized] target(s) in 0.02s
     Running `target/release/anubis gate11-metal-parity --cpu out/a15_gate15_metal_parity_real --metal out/a15_gate15_metal_parity_real --out out/a15_gate15_metal_parity_real --require-metal`
gate11-metal-parity --cpu out/a15_gate15_metal_parity_real --metal out/a15_gate15_metal_parity_real --out out/a15_gate15_metal_parity_real (require_metal=true)
wrote canonical out/a15_gate15_metal_parity_real/parity_report.json
Error: Gate 11 --require-metal failed: overall_verdict=FAIL
Final canonical overall_verdict=FAIL
