=== Gate 11 Metal Parity Check ===
Mon Jul  6 15:33:01 EDT 2026
host: Darwin MacBook-Pro.local 25.0.0 Darwin Kernel Version 25.0.0: Mon Aug 25 21:17:54 PDT 2025; root:xnu-12377.1.9~3/RELEASE_ARM64_T6041 arm64
require_metal=1
reference: /Users/sicarii/Desktop/metal-hybrid-prover
=== Fixture: metal_parity_hello ===
Prove CPU (R0_DISABLE_METAL=1 --lane cpu)...
warning: unreachable pattern
    --> compiler/src/frontend/mod.rs:1057:33
     |
 982 |             Token::Ident(name) => {
     |             ------------------ matches all the relevant values
...
1057 |             Token::Keyword(k) | Token::Ident(k) if k == "taint_source" => {
     |                                 ^^^^^^^^^^^^^^^ no value can reach this
     |
     = note: `#[warn(unreachable_patterns)]` (part of `#[warn(unused)]`) on by default

warning: unreachable pattern
    --> compiler/src/frontend/mod.rs:1069:33
     |
 982 |             Token::Ident(name) => {
     |             ------------------ matches all the relevant values
...
1069 |             Token::Keyword(k) | Token::Ident(k) if k == "declassify" => {
     |                                 ^^^^^^^^^^^^^^^ no value can reach this

warning: `anubis-compiler` (lib) generated 2 warnings
warning: unreachable statement
    --> tools/anubis/src/main.rs:1315:5
     |
1313 |       return Ok(()); // early return stub; real risc0 code below is unreachable in this build
     |       ------------- any code following this expression is unreachable
1314 |       // (original risc0 code elided for compile)
1315 | /     if let Some(parent) = receipt.parent() {
1316 | |         std::fs::create_dir_all(parent)?;
1317 | |     }
     | |_____^ unreachable statement
     |
     = note: `#[warn(unreachable_code)]` (part of `#[warn(unused)]`) on by default

warning: unused variable: `id_words`
   --> tools/anubis/src/main.rs:844:17
    |
844 |             let id_words = parse_image_id_words(&id_data)
    |                 ^^^^^^^^ help: if this is intentional, prefix it with an underscore: `_id_words`
    |
    = note: `#[warn(unused_variables)]` (part of `#[warn(unused)]`) on by default

warning: unused variable: `journal_bytes`
   --> tools/anubis/src/main.rs:858:17
    |
858 |             let journal_bytes: &[u8] = b"stub-journal-for-security-build";
    |                 ^^^^^^^^^^^^^ help: if this is intentional, prefix it with an underscore: `_journal_bytes`

warning: unused variable: `journal_sha`
   --> tools/anubis/src/main.rs:859:17
    |
859 |             let journal_sha = "stub-sha256-for-gate15".to_string();
    |                 ^^^^^^^^^^^ help: if this is intentional, prefix it with an underscore: `_journal_sha`

warning: unused variable: `elf_bytes`
    --> tools/anubis/src/main.rs:1303:9
     |
1303 |     let elf_bytes = std::fs::read(elf).map_err(|e| anyhow!("read guest ELF: {}", e))?;
     |         ^^^^^^^^^ help: if this is intentional, prefix it with an underscore: `_elf_bytes`

warning: unused variable: `id_words`
    --> tools/anubis/src/main.rs:1305:9
     |
1305 |     let id_words = parse_image_id_words(&id_text).map_err(|e| anyhow!("image ID: {}", e))?;
     |         ^^^^^^^^ help: if this is intentional, prefix it with an underscore: `_id_words`

warning: `anubis` (bin "anubis") generated 6 warnings (run `cargo fix --bin "anubis" -p anubis` to apply 5 suggestions)
    Finished `release` profile [optimized] target(s) in 0.03s
     Running `target/release/anubis prove examples/metal_parity_hello.anb --backend risc0 --lane cpu --evidence --out out/release_candidate_security_real/20260706-153147/regress_gate11/metal_parity_hello_cpu`
anubis prove examples/metal_parity_hello.anb --backend risc0 --lane cpu (evidence=true)
lowered artifact: out/release_candidate_security_real/20260706-153147/regress_gate11/metal_parity_hello_cpu/risc0_receipt
Building risc0 methods (risc0-build will compute real ImageID from ELF)...
error: failed to load source for dependency `risc0-circuit-rv32im`

Caused by:
  unable to update /Users/sicarii/Desktop/metal-hybrid-prover/vendor/risc0-circuit-rv32im

Caused by:
  failed to read `/Users/sicarii/Desktop/metal-hybrid-prover/vendor/risc0-circuit-rv32im/Cargo.toml`

Caused by:
  No such file or directory (os error 2)
risc0 sidecars (REAL derived ID: NO_REAL_ID_DERIVED)
evidence bundle: out/release_candidate_security_real/20260706-153147/regress_gate11/metal_parity_hello_cpu/evidence-20260706-193301-safe
verdict: FAIL
prove complete
Prove Metal-hybrid (no R0_DISABLE --lane metal-hybrid)...
warning: unreachable pattern
    --> compiler/src/frontend/mod.rs:1057:33
     |
 982 |             Token::Ident(name) => {
     |             ------------------ matches all the relevant values
...
1057 |             Token::Keyword(k) | Token::Ident(k) if k == "taint_source" => {
     |                                 ^^^^^^^^^^^^^^^ no value can reach this
     |
     = note: `#[warn(unreachable_patterns)]` (part of `#[warn(unused)]`) on by default

warning: unreachable pattern
    --> compiler/src/frontend/mod.rs:1069:33
     |
 982 |             Token::Ident(name) => {
     |             ------------------ matches all the relevant values
...
1069 |             Token::Keyword(k) | Token::Ident(k) if k == "declassify" => {
     |                                 ^^^^^^^^^^^^^^^ no value can reach this

warning: `anubis-compiler` (lib) generated 2 warnings
warning: unreachable statement
    --> tools/anubis/src/main.rs:1315:5
     |
1313 |       return Ok(()); // early return stub; real risc0 code below is unreachable in this build
     |       ------------- any code following this expression is unreachable
1314 |       // (original risc0 code elided for compile)
1315 | /     if let Some(parent) = receipt.parent() {
1316 | |         std::fs::create_dir_all(parent)?;
1317 | |     }
     | |_____^ unreachable statement
     |
     = note: `#[warn(unreachable_code)]` (part of `#[warn(unused)]`) on by default

warning: unused variable: `id_words`
   --> tools/anubis/src/main.rs:844:17
    |
844 |             let id_words = parse_image_id_words(&id_data)
    |                 ^^^^^^^^ help: if this is intentional, prefix it with an underscore: `_id_words`
    |
    = note: `#[warn(unused_variables)]` (part of `#[warn(unused)]`) on by default

warning: unused variable: `journal_bytes`
   --> tools/anubis/src/main.rs:858:17
    |
858 |             let journal_bytes: &[u8] = b"stub-journal-for-security-build";
    |                 ^^^^^^^^^^^^^ help: if this is intentional, prefix it with an underscore: `_journal_bytes`

warning: unused variable: `journal_sha`
   --> tools/anubis/src/main.rs:859:17
    |
859 |             let journal_sha = "stub-sha256-for-gate15".to_string();
    |                 ^^^^^^^^^^^ help: if this is intentional, prefix it with an underscore: `_journal_sha`

warning: unused variable: `elf_bytes`
    --> tools/anubis/src/main.rs:1303:9
     |
1303 |     let elf_bytes = std::fs::read(elf).map_err(|e| anyhow!("read guest ELF: {}", e))?;
     |         ^^^^^^^^^ help: if this is intentional, prefix it with an underscore: `_elf_bytes`

warning: unused variable: `id_words`
    --> tools/anubis/src/main.rs:1305:9
     |
1305 |     let id_words = parse_image_id_words(&id_text).map_err(|e| anyhow!("image ID: {}", e))?;
     |         ^^^^^^^^ help: if this is intentional, prefix it with an underscore: `_id_words`

warning: `anubis` (bin "anubis") generated 6 warnings (run `cargo fix --bin "anubis" -p anubis` to apply 5 suggestions)
    Finished `release` profile [optimized] target(s) in 0.03s
     Running `target/release/anubis prove examples/metal_parity_hello.anb --backend risc0 --lane metal-hybrid --evidence --out out/release_candidate_security_real/20260706-153147/regress_gate11/metal_parity_hello_metal`
anubis prove examples/metal_parity_hello.anb --backend risc0 --lane metal-hybrid (evidence=true)
lowered artifact: out/release_candidate_security_real/20260706-153147/regress_gate11/metal_parity_hello_metal/risc0_receipt
Building risc0 methods (risc0-build will compute real ImageID from ELF)...
error: failed to load source for dependency `risc0-circuit-rv32im`

Caused by:
  unable to update /Users/sicarii/Desktop/metal-hybrid-prover/vendor/risc0-circuit-rv32im

Caused by:
  failed to read `/Users/sicarii/Desktop/metal-hybrid-prover/vendor/risc0-circuit-rv32im/Cargo.toml`

Caused by:
  No such file or directory (os error 2)
risc0 sidecars (REAL derived ID: NO_REAL_ID_DERIVED)
evidence bundle: out/release_candidate_security_real/20260706-153147/regress_gate11/metal_parity_hello_metal/evidence-20260706-193301-safe
verdict: FAIL
prove complete
warning: unreachable pattern
    --> compiler/src/frontend/mod.rs:1057:33
     |
 982 |             Token::Ident(name) => {
     |             ------------------ matches all the relevant values
...
1057 |             Token::Keyword(k) | Token::Ident(k) if k == "taint_source" => {
     |                                 ^^^^^^^^^^^^^^^ no value can reach this
     |
     = note: `#[warn(unreachable_patterns)]` (part of `#[warn(unused)]`) on by default

warning: unreachable pattern
    --> compiler/src/frontend/mod.rs:1069:33
     |
 982 |             Token::Ident(name) => {
     |             ------------------ matches all the relevant values
...
1069 |             Token::Keyword(k) | Token::Ident(k) if k == "declassify" => {
     |                                 ^^^^^^^^^^^^^^^ no value can reach this

warning: `anubis-compiler` (lib) generated 2 warnings
warning: unreachable statement
    --> tools/anubis/src/main.rs:1315:5
     |
1313 |       return Ok(()); // early return stub; real risc0 code below is unreachable in this build
     |       ------------- any code following this expression is unreachable
1314 |       // (original risc0 code elided for compile)
1315 | /     if let Some(parent) = receipt.parent() {
1316 | |         std::fs::create_dir_all(parent)?;
1317 | |     }
     | |_____^ unreachable statement
     |
     = note: `#[warn(unreachable_code)]` (part of `#[warn(unused)]`) on by default

warning: unused variable: `id_words`
   --> tools/anubis/src/main.rs:844:17
    |
844 |             let id_words = parse_image_id_words(&id_data)
    |                 ^^^^^^^^ help: if this is intentional, prefix it with an underscore: `_id_words`
    |
    = note: `#[warn(unused_variables)]` (part of `#[warn(unused)]`) on by default

warning: unused variable: `journal_bytes`
   --> tools/anubis/src/main.rs:858:17
    |
858 |             let journal_bytes: &[u8] = b"stub-journal-for-security-build";
    |                 ^^^^^^^^^^^^^ help: if this is intentional, prefix it with an underscore: `_journal_bytes`

warning: unused variable: `journal_sha`
   --> tools/anubis/src/main.rs:859:17
    |
859 |             let journal_sha = "stub-sha256-for-gate15".to_string();
    |                 ^^^^^^^^^^^ help: if this is intentional, prefix it with an underscore: `_journal_sha`

warning: unused variable: `elf_bytes`
    --> tools/anubis/src/main.rs:1303:9
     |
1303 |     let elf_bytes = std::fs::read(elf).map_err(|e| anyhow!("read guest ELF: {}", e))?;
     |         ^^^^^^^^^ help: if this is intentional, prefix it with an underscore: `_elf_bytes`

warning: unused variable: `id_words`
    --> tools/anubis/src/main.rs:1305:9
     |
1305 |     let id_words = parse_image_id_words(&id_text).map_err(|e| anyhow!("image ID: {}", e))?;
     |         ^^^^^^^^ help: if this is intentional, prefix it with an underscore: `_id_words`

warning: `anubis` (bin "anubis") generated 6 warnings (run `cargo fix --bin "anubis" -p anubis` to apply 5 suggestions)
    Finished `release` profile [optimized] target(s) in 0.03s
     Running `target/release/anubis verify-receipt --receipt out/release_candidate_security_real/20260706-153147/regress_gate11/metal_parity_hello_cpu/backend/risc0/receipt.bin --image-id out/release_candidate_security_real/20260706-153147/regress_gate11/metal_parity_hello_cpu/backend/risc0/image_id.txt`
anubis verify-receipt --receipt out/release_candidate_security_real/20260706-153147/regress_gate11/metal_parity_hello_cpu/backend/risc0/receipt.bin --image-id out/release_candidate_security_real/20260706-153147/regress_gate11/metal_parity_hello_cpu/backend/risc0/image_id.txt
Error: receipt verify FAILED: placeholder or empty image ID
warning: unreachable pattern
    --> compiler/src/frontend/mod.rs:1057:33
     |
 982 |             Token::Ident(name) => {
     |             ------------------ matches all the relevant values
...
1057 |             Token::Keyword(k) | Token::Ident(k) if k == "taint_source" => {
     |                                 ^^^^^^^^^^^^^^^ no value can reach this
     |
     = note: `#[warn(unreachable_patterns)]` (part of `#[warn(unused)]`) on by default

warning: unreachable pattern
    --> compiler/src/frontend/mod.rs:1069:33
     |
 982 |             Token::Ident(name) => {
     |             ------------------ matches all the relevant values
...
1069 |             Token::Keyword(k) | Token::Ident(k) if k == "declassify" => {
     |                                 ^^^^^^^^^^^^^^^ no value can reach this

warning: `anubis-compiler` (lib) generated 2 warnings
warning: unreachable statement
    --> tools/anubis/src/main.rs:1315:5
     |
1313 |       return Ok(()); // early return stub; real risc0 code below is unreachable in this build
     |       ------------- any code following this expression is unreachable
1314 |       // (original risc0 code elided for compile)
1315 | /     if let Some(parent) = receipt.parent() {
1316 | |         std::fs::create_dir_all(parent)?;
1317 | |     }
     | |_____^ unreachable statement
     |
     = note: `#[warn(unreachable_code)]` (part of `#[warn(unused)]`) on by default

warning: unused variable: `id_words`
   --> tools/anubis/src/main.rs:844:17
    |
844 |             let id_words = parse_image_id_words(&id_data)
    |                 ^^^^^^^^ help: if this is intentional, prefix it with an underscore: `_id_words`
    |
    = note: `#[warn(unused_variables)]` (part of `#[warn(unused)]`) on by default

warning: unused variable: `journal_bytes`
   --> tools/anubis/src/main.rs:858:17
    |
858 |             let journal_bytes: &[u8] = b"stub-journal-for-security-build";
    |                 ^^^^^^^^^^^^^ help: if this is intentional, prefix it with an underscore: `_journal_bytes`

warning: unused variable: `journal_sha`
   --> tools/anubis/src/main.rs:859:17
    |
859 |             let journal_sha = "stub-sha256-for-gate15".to_string();
    |                 ^^^^^^^^^^^ help: if this is intentional, prefix it with an underscore: `_journal_sha`

warning: unused variable: `elf_bytes`
    --> tools/anubis/src/main.rs:1303:9
     |
1303 |     let elf_bytes = std::fs::read(elf).map_err(|e| anyhow!("read guest ELF: {}", e))?;
     |         ^^^^^^^^^ help: if this is intentional, prefix it with an underscore: `_elf_bytes`

warning: unused variable: `id_words`
    --> tools/anubis/src/main.rs:1305:9
     |
1305 |     let id_words = parse_image_id_words(&id_text).map_err(|e| anyhow!("image ID: {}", e))?;
     |         ^^^^^^^^ help: if this is intentional, prefix it with an underscore: `_id_words`

warning: `anubis` (bin "anubis") generated 6 warnings (run `cargo fix --bin "anubis" -p anubis` to apply 5 suggestions)
    Finished `release` profile [optimized] target(s) in 0.03s
     Running `target/release/anubis verify-receipt --receipt out/release_candidate_security_real/20260706-153147/regress_gate11/metal_parity_hello_metal/backend/risc0/receipt.bin --image-id out/release_candidate_security_real/20260706-153147/regress_gate11/metal_parity_hello_metal/backend/risc0/image_id.txt`
anubis verify-receipt --receipt out/release_candidate_security_real/20260706-153147/regress_gate11/metal_parity_hello_metal/backend/risc0/receipt.bin --image-id out/release_candidate_security_real/20260706-153147/regress_gate11/metal_parity_hello_metal/backend/risc0/image_id.txt
Error: receipt verify FAILED: placeholder or empty image ID
ERROR: missing extracted journal.bin for metal_parity_hello (CPU or Metal). Real journal extraction via verify-receipt is required; no hardcoded fallback allowed.
Fixture metal_parity_hello verdict=FAIL cpu_lane=cpu metal_lane=unknown
=== Fixture: metal_parity_arithmetic ===
Prove CPU (R0_DISABLE_METAL=1 --lane cpu)...
warning: unreachable pattern
    --> compiler/src/frontend/mod.rs:1057:33
     |
 982 |             Token::Ident(name) => {
     |             ------------------ matches all the relevant values
...
1057 |             Token::Keyword(k) | Token::Ident(k) if k == "taint_source" => {
     |                                 ^^^^^^^^^^^^^^^ no value can reach this
     |
     = note: `#[warn(unreachable_patterns)]` (part of `#[warn(unused)]`) on by default

warning: unreachable pattern
    --> compiler/src/frontend/mod.rs:1069:33
     |
 982 |             Token::Ident(name) => {
     |             ------------------ matches all the relevant values
...
1069 |             Token::Keyword(k) | Token::Ident(k) if k == "declassify" => {
     |                                 ^^^^^^^^^^^^^^^ no value can reach this

warning: `anubis-compiler` (lib) generated 2 warnings
warning: unreachable statement
    --> tools/anubis/src/main.rs:1315:5
     |
1313 |       return Ok(()); // early return stub; real risc0 code below is unreachable in this build
     |       ------------- any code following this expression is unreachable
1314 |       // (original risc0 code elided for compile)
1315 | /     if let Some(parent) = receipt.parent() {
1316 | |         std::fs::create_dir_all(parent)?;
1317 | |     }
     | |_____^ unreachable statement
     |
     = note: `#[warn(unreachable_code)]` (part of `#[warn(unused)]`) on by default

warning: unused variable: `id_words`
   --> tools/anubis/src/main.rs:844:17
    |
844 |             let id_words = parse_image_id_words(&id_data)
    |                 ^^^^^^^^ help: if this is intentional, prefix it with an underscore: `_id_words`
    |
    = note: `#[warn(unused_variables)]` (part of `#[warn(unused)]`) on by default

warning: unused variable: `journal_bytes`
   --> tools/anubis/src/main.rs:858:17
    |
858 |             let journal_bytes: &[u8] = b"stub-journal-for-security-build";
    |                 ^^^^^^^^^^^^^ help: if this is intentional, prefix it with an underscore: `_journal_bytes`

warning: unused variable: `journal_sha`
   --> tools/anubis/src/main.rs:859:17
    |
859 |             let journal_sha = "stub-sha256-for-gate15".to_string();
    |                 ^^^^^^^^^^^ help: if this is intentional, prefix it with an underscore: `_journal_sha`

warning: unused variable: `elf_bytes`
    --> tools/anubis/src/main.rs:1303:9
     |
1303 |     let elf_bytes = std::fs::read(elf).map_err(|e| anyhow!("read guest ELF: {}", e))?;
     |         ^^^^^^^^^ help: if this is intentional, prefix it with an underscore: `_elf_bytes`

warning: unused variable: `id_words`
    --> tools/anubis/src/main.rs:1305:9
     |
1305 |     let id_words = parse_image_id_words(&id_text).map_err(|e| anyhow!("image ID: {}", e))?;
     |         ^^^^^^^^ help: if this is intentional, prefix it with an underscore: `_id_words`

warning: `anubis` (bin "anubis") generated 6 warnings (run `cargo fix --bin "anubis" -p anubis` to apply 5 suggestions)
    Finished `release` profile [optimized] target(s) in 0.03s
     Running `target/release/anubis prove examples/metal_parity_arithmetic.anb --backend risc0 --lane cpu --evidence --out out/release_candidate_security_real/20260706-153147/regress_gate11/metal_parity_arithmetic_cpu`
anubis prove examples/metal_parity_arithmetic.anb --backend risc0 --lane cpu (evidence=true)
lowered artifact: out/release_candidate_security_real/20260706-153147/regress_gate11/metal_parity_arithmetic_cpu/risc0_receipt
Building risc0 methods (risc0-build will compute real ImageID from ELF)...
error: failed to load source for dependency `risc0-circuit-rv32im`

Caused by:
  unable to update /Users/sicarii/Desktop/metal-hybrid-prover/vendor/risc0-circuit-rv32im

Caused by:
  failed to read `/Users/sicarii/Desktop/metal-hybrid-prover/vendor/risc0-circuit-rv32im/Cargo.toml`

Caused by:
  No such file or directory (os error 2)
risc0 sidecars (REAL derived ID: NO_REAL_ID_DERIVED)
evidence bundle: out/release_candidate_security_real/20260706-153147/regress_gate11/metal_parity_arithmetic_cpu/evidence-20260706-193302-safe
verdict: FAIL
prove complete
Prove Metal-hybrid (no R0_DISABLE --lane metal-hybrid)...
warning: unreachable pattern
    --> compiler/src/frontend/mod.rs:1057:33
     |
 982 |             Token::Ident(name) => {
     |             ------------------ matches all the relevant values
...
1057 |             Token::Keyword(k) | Token::Ident(k) if k == "taint_source" => {
     |                                 ^^^^^^^^^^^^^^^ no value can reach this
     |
     = note: `#[warn(unreachable_patterns)]` (part of `#[warn(unused)]`) on by default

warning: unreachable pattern
    --> compiler/src/frontend/mod.rs:1069:33
     |
 982 |             Token::Ident(name) => {
     |             ------------------ matches all the relevant values
...
1069 |             Token::Keyword(k) | Token::Ident(k) if k == "declassify" => {
     |                                 ^^^^^^^^^^^^^^^ no value can reach this

warning: `anubis-compiler` (lib) generated 2 warnings
warning: unreachable statement
    --> tools/anubis/src/main.rs:1315:5
     |
1313 |       return Ok(()); // early return stub; real risc0 code below is unreachable in this build
     |       ------------- any code following this expression is unreachable
1314 |       // (original risc0 code elided for compile)
1315 | /     if let Some(parent) = receipt.parent() {
1316 | |         std::fs::create_dir_all(parent)?;
1317 | |     }
     | |_____^ unreachable statement
     |
     = note: `#[warn(unreachable_code)]` (part of `#[warn(unused)]`) on by default

warning: unused variable: `id_words`
   --> tools/anubis/src/main.rs:844:17
    |
844 |             let id_words = parse_image_id_words(&id_data)
    |                 ^^^^^^^^ help: if this is intentional, prefix it with an underscore: `_id_words`
    |
    = note: `#[warn(unused_variables)]` (part of `#[warn(unused)]`) on by default

warning: unused variable: `journal_bytes`
   --> tools/anubis/src/main.rs:858:17
    |
858 |             let journal_bytes: &[u8] = b"stub-journal-for-security-build";
    |                 ^^^^^^^^^^^^^ help: if this is intentional, prefix it with an underscore: `_journal_bytes`

warning: unused variable: `journal_sha`
   --> tools/anubis/src/main.rs:859:17
    |
859 |             let journal_sha = "stub-sha256-for-gate15".to_string();
    |                 ^^^^^^^^^^^ help: if this is intentional, prefix it with an underscore: `_journal_sha`

warning: unused variable: `elf_bytes`
    --> tools/anubis/src/main.rs:1303:9
     |
1303 |     let elf_bytes = std::fs::read(elf).map_err(|e| anyhow!("read guest ELF: {}", e))?;
     |         ^^^^^^^^^ help: if this is intentional, prefix it with an underscore: `_elf_bytes`

warning: unused variable: `id_words`
    --> tools/anubis/src/main.rs:1305:9
     |
1305 |     let id_words = parse_image_id_words(&id_text).map_err(|e| anyhow!("image ID: {}", e))?;
     |         ^^^^^^^^ help: if this is intentional, prefix it with an underscore: `_id_words`

warning: `anubis` (bin "anubis") generated 6 warnings (run `cargo fix --bin "anubis" -p anubis` to apply 5 suggestions)
    Finished `release` profile [optimized] target(s) in 0.03s
     Running `target/release/anubis prove examples/metal_parity_arithmetic.anb --backend risc0 --lane metal-hybrid --evidence --out out/release_candidate_security_real/20260706-153147/regress_gate11/metal_parity_arithmetic_metal`
anubis prove examples/metal_parity_arithmetic.anb --backend risc0 --lane metal-hybrid (evidence=true)
lowered artifact: out/release_candidate_security_real/20260706-153147/regress_gate11/metal_parity_arithmetic_metal/risc0_receipt
Building risc0 methods (risc0-build will compute real ImageID from ELF)...
error: failed to load source for dependency `risc0-circuit-rv32im`

Caused by:
  unable to update /Users/sicarii/Desktop/metal-hybrid-prover/vendor/risc0-circuit-rv32im

Caused by:
  failed to read `/Users/sicarii/Desktop/metal-hybrid-prover/vendor/risc0-circuit-rv32im/Cargo.toml`

Caused by:
  No such file or directory (os error 2)
risc0 sidecars (REAL derived ID: NO_REAL_ID_DERIVED)
evidence bundle: out/release_candidate_security_real/20260706-153147/regress_gate11/metal_parity_arithmetic_metal/evidence-20260706-193303-safe
verdict: FAIL
prove complete
warning: unreachable pattern
    --> compiler/src/frontend/mod.rs:1057:33
     |
 982 |             Token::Ident(name) => {
     |             ------------------ matches all the relevant values
...
1057 |             Token::Keyword(k) | Token::Ident(k) if k == "taint_source" => {
     |                                 ^^^^^^^^^^^^^^^ no value can reach this
     |
     = note: `#[warn(unreachable_patterns)]` (part of `#[warn(unused)]`) on by default

warning: unreachable pattern
    --> compiler/src/frontend/mod.rs:1069:33
     |
 982 |             Token::Ident(name) => {
     |             ------------------ matches all the relevant values
...
1069 |             Token::Keyword(k) | Token::Ident(k) if k == "declassify" => {
     |                                 ^^^^^^^^^^^^^^^ no value can reach this

warning: `anubis-compiler` (lib) generated 2 warnings
warning: unreachable statement
    --> tools/anubis/src/main.rs:1315:5
     |
1313 |       return Ok(()); // early return stub; real risc0 code below is unreachable in this build
     |       ------------- any code following this expression is unreachable
1314 |       // (original risc0 code elided for compile)
1315 | /     if let Some(parent) = receipt.parent() {
1316 | |         std::fs::create_dir_all(parent)?;
1317 | |     }
     | |_____^ unreachable statement
     |
     = note: `#[warn(unreachable_code)]` (part of `#[warn(unused)]`) on by default

warning: unused variable: `id_words`
   --> tools/anubis/src/main.rs:844:17
    |
844 |             let id_words = parse_image_id_words(&id_data)
    |                 ^^^^^^^^ help: if this is intentional, prefix it with an underscore: `_id_words`
    |
    = note: `#[warn(unused_variables)]` (part of `#[warn(unused)]`) on by default

warning: unused variable: `journal_bytes`
   --> tools/anubis/src/main.rs:858:17
    |
858 |             let journal_bytes: &[u8] = b"stub-journal-for-security-build";
    |                 ^^^^^^^^^^^^^ help: if this is intentional, prefix it with an underscore: `_journal_bytes`

warning: unused variable: `journal_sha`
   --> tools/anubis/src/main.rs:859:17
    |
859 |             let journal_sha = "stub-sha256-for-gate15".to_string();
    |                 ^^^^^^^^^^^ help: if this is intentional, prefix it with an underscore: `_journal_sha`

warning: unused variable: `elf_bytes`
    --> tools/anubis/src/main.rs:1303:9
     |
1303 |     let elf_bytes = std::fs::read(elf).map_err(|e| anyhow!("read guest ELF: {}", e))?;
     |         ^^^^^^^^^ help: if this is intentional, prefix it with an underscore: `_elf_bytes`

warning: unused variable: `id_words`
    --> tools/anubis/src/main.rs:1305:9
     |
1305 |     let id_words = parse_image_id_words(&id_text).map_err(|e| anyhow!("image ID: {}", e))?;
     |         ^^^^^^^^ help: if this is intentional, prefix it with an underscore: `_id_words`

warning: `anubis` (bin "anubis") generated 6 warnings (run `cargo fix --bin "anubis" -p anubis` to apply 5 suggestions)
    Finished `release` profile [optimized] target(s) in 0.04s
     Running `target/release/anubis verify-receipt --receipt out/release_candidate_security_real/20260706-153147/regress_gate11/metal_parity_arithmetic_cpu/backend/risc0/receipt.bin --image-id out/release_candidate_security_real/20260706-153147/regress_gate11/metal_parity_arithmetic_cpu/backend/risc0/image_id.txt`
anubis verify-receipt --receipt out/release_candidate_security_real/20260706-153147/regress_gate11/metal_parity_arithmetic_cpu/backend/risc0/receipt.bin --image-id out/release_candidate_security_real/20260706-153147/regress_gate11/metal_parity_arithmetic_cpu/backend/risc0/image_id.txt
Error: receipt verify FAILED: placeholder or empty image ID
warning: unreachable pattern
    --> compiler/src/frontend/mod.rs:1057:33
     |
 982 |             Token::Ident(name) => {
     |             ------------------ matches all the relevant values
...
1057 |             Token::Keyword(k) | Token::Ident(k) if k == "taint_source" => {
     |                                 ^^^^^^^^^^^^^^^ no value can reach this
     |
     = note: `#[warn(unreachable_patterns)]` (part of `#[warn(unused)]`) on by default

warning: unreachable pattern
    --> compiler/src/frontend/mod.rs:1069:33
     |
 982 |             Token::Ident(name) => {
     |             ------------------ matches all the relevant values
...
1069 |             Token::Keyword(k) | Token::Ident(k) if k == "declassify" => {
     |                                 ^^^^^^^^^^^^^^^ no value can reach this

warning: `anubis-compiler` (lib) generated 2 warnings
warning: unreachable statement
    --> tools/anubis/src/main.rs:1315:5
     |
1313 |       return Ok(()); // early return stub; real risc0 code below is unreachable in this build
     |       ------------- any code following this expression is unreachable
1314 |       // (original risc0 code elided for compile)
1315 | /     if let Some(parent) = receipt.parent() {
1316 | |         std::fs::create_dir_all(parent)?;
1317 | |     }
     | |_____^ unreachable statement
     |
     = note: `#[warn(unreachable_code)]` (part of `#[warn(unused)]`) on by default

warning: unused variable: `id_words`
   --> tools/anubis/src/main.rs:844:17
    |
844 |             let id_words = parse_image_id_words(&id_data)
    |                 ^^^^^^^^ help: if this is intentional, prefix it with an underscore: `_id_words`
    |
    = note: `#[warn(unused_variables)]` (part of `#[warn(unused)]`) on by default

warning: unused variable: `journal_bytes`
   --> tools/anubis/src/main.rs:858:17
    |
858 |             let journal_bytes: &[u8] = b"stub-journal-for-security-build";
    |                 ^^^^^^^^^^^^^ help: if this is intentional, prefix it with an underscore: `_journal_bytes`

warning: unused variable: `journal_sha`
   --> tools/anubis/src/main.rs:859:17
    |
859 |             let journal_sha = "stub-sha256-for-gate15".to_string();
    |                 ^^^^^^^^^^^ help: if this is intentional, prefix it with an underscore: `_journal_sha`

warning: unused variable: `elf_bytes`
    --> tools/anubis/src/main.rs:1303:9
     |
1303 |     let elf_bytes = std::fs::read(elf).map_err(|e| anyhow!("read guest ELF: {}", e))?;
     |         ^^^^^^^^^ help: if this is intentional, prefix it with an underscore: `_elf_bytes`

warning: unused variable: `id_words`
    --> tools/anubis/src/main.rs:1305:9
     |
1305 |     let id_words = parse_image_id_words(&id_text).map_err(|e| anyhow!("image ID: {}", e))?;
     |         ^^^^^^^^ help: if this is intentional, prefix it with an underscore: `_id_words`

warning: `anubis` (bin "anubis") generated 6 warnings (run `cargo fix --bin "anubis" -p anubis` to apply 5 suggestions)
    Finished `release` profile [optimized] target(s) in 0.03s
     Running `target/release/anubis verify-receipt --receipt out/release_candidate_security_real/20260706-153147/regress_gate11/metal_parity_arithmetic_metal/backend/risc0/receipt.bin --image-id out/release_candidate_security_real/20260706-153147/regress_gate11/metal_parity_arithmetic_metal/backend/risc0/image_id.txt`
anubis verify-receipt --receipt out/release_candidate_security_real/20260706-153147/regress_gate11/metal_parity_arithmetic_metal/backend/risc0/receipt.bin --image-id out/release_candidate_security_real/20260706-153147/regress_gate11/metal_parity_arithmetic_metal/backend/risc0/image_id.txt
Error: receipt verify FAILED: placeholder or empty image ID
ERROR: missing extracted journal.bin for metal_parity_arithmetic (CPU or Metal). Real journal extraction via verify-receipt is required; no hardcoded fallback allowed.
Fixture metal_parity_arithmetic verdict=FAIL cpu_lane=cpu metal_lane=unknown
=== Fixture: metal_parity_symbolic_safe ===
Prove CPU (R0_DISABLE_METAL=1 --lane cpu)...
warning: unreachable pattern
    --> compiler/src/frontend/mod.rs:1057:33
     |
 982 |             Token::Ident(name) => {
     |             ------------------ matches all the relevant values
...
1057 |             Token::Keyword(k) | Token::Ident(k) if k == "taint_source" => {
     |                                 ^^^^^^^^^^^^^^^ no value can reach this
     |
     = note: `#[warn(unreachable_patterns)]` (part of `#[warn(unused)]`) on by default

warning: unreachable pattern
    --> compiler/src/frontend/mod.rs:1069:33
     |
 982 |             Token::Ident(name) => {
     |             ------------------ matches all the relevant values
...
1069 |             Token::Keyword(k) | Token::Ident(k) if k == "declassify" => {
     |                                 ^^^^^^^^^^^^^^^ no value can reach this

warning: `anubis-compiler` (lib) generated 2 warnings
warning: unreachable statement
    --> tools/anubis/src/main.rs:1315:5
     |
1313 |       return Ok(()); // early return stub; real risc0 code below is unreachable in this build
     |       ------------- any code following this expression is unreachable
1314 |       // (original risc0 code elided for compile)
1315 | /     if let Some(parent) = receipt.parent() {
1316 | |         std::fs::create_dir_all(parent)?;
1317 | |     }
     | |_____^ unreachable statement
     |
     = note: `#[warn(unreachable_code)]` (part of `#[warn(unused)]`) on by default

warning: unused variable: `id_words`
   --> tools/anubis/src/main.rs:844:17
    |
844 |             let id_words = parse_image_id_words(&id_data)
    |                 ^^^^^^^^ help: if this is intentional, prefix it with an underscore: `_id_words`
    |
    = note: `#[warn(unused_variables)]` (part of `#[warn(unused)]`) on by default

warning: unused variable: `journal_bytes`
   --> tools/anubis/src/main.rs:858:17
    |
858 |             let journal_bytes: &[u8] = b"stub-journal-for-security-build";
    |                 ^^^^^^^^^^^^^ help: if this is intentional, prefix it with an underscore: `_journal_bytes`

warning: unused variable: `journal_sha`
   --> tools/anubis/src/main.rs:859:17
    |
859 |             let journal_sha = "stub-sha256-for-gate15".to_string();
    |                 ^^^^^^^^^^^ help: if this is intentional, prefix it with an underscore: `_journal_sha`

warning: unused variable: `elf_bytes`
    --> tools/anubis/src/main.rs:1303:9
     |
1303 |     let elf_bytes = std::fs::read(elf).map_err(|e| anyhow!("read guest ELF: {}", e))?;
     |         ^^^^^^^^^ help: if this is intentional, prefix it with an underscore: `_elf_bytes`

warning: unused variable: `id_words`
    --> tools/anubis/src/main.rs:1305:9
     |
1305 |     let id_words = parse_image_id_words(&id_text).map_err(|e| anyhow!("image ID: {}", e))?;
     |         ^^^^^^^^ help: if this is intentional, prefix it with an underscore: `_id_words`

warning: `anubis` (bin "anubis") generated 6 warnings (run `cargo fix --bin "anubis" -p anubis` to apply 5 suggestions)
    Finished `release` profile [optimized] target(s) in 0.03s
     Running `target/release/anubis prove examples/metal_parity_symbolic_safe.anb --backend risc0 --lane cpu --evidence --out out/release_candidate_security_real/20260706-153147/regress_gate11/metal_parity_symbolic_safe_cpu`
anubis prove examples/metal_parity_symbolic_safe.anb --backend risc0 --lane cpu (evidence=true)
lowered artifact: out/release_candidate_security_real/20260706-153147/regress_gate11/metal_parity_symbolic_safe_cpu/risc0_receipt
Building risc0 methods (risc0-build will compute real ImageID from ELF)...
error: failed to load source for dependency `risc0-circuit-rv32im`

Caused by:
  unable to update /Users/sicarii/Desktop/metal-hybrid-prover/vendor/risc0-circuit-rv32im

Caused by:
  failed to read `/Users/sicarii/Desktop/metal-hybrid-prover/vendor/risc0-circuit-rv32im/Cargo.toml`

Caused by:
  No such file or directory (os error 2)
risc0 sidecars (REAL derived ID: NO_REAL_ID_DERIVED)
evidence bundle: out/release_candidate_security_real/20260706-153147/regress_gate11/metal_parity_symbolic_safe_cpu/evidence-20260706-193304-safe
verdict: FAIL
prove complete
Prove Metal-hybrid (no R0_DISABLE --lane metal-hybrid)...
warning: unreachable pattern
    --> compiler/src/frontend/mod.rs:1057:33
     |
 982 |             Token::Ident(name) => {
     |             ------------------ matches all the relevant values
...
1057 |             Token::Keyword(k) | Token::Ident(k) if k == "taint_source" => {
     |                                 ^^^^^^^^^^^^^^^ no value can reach this
     |
     = note: `#[warn(unreachable_patterns)]` (part of `#[warn(unused)]`) on by default

warning: unreachable pattern
    --> compiler/src/frontend/mod.rs:1069:33
     |
 982 |             Token::Ident(name) => {
     |             ------------------ matches all the relevant values
...
1069 |             Token::Keyword(k) | Token::Ident(k) if k == "declassify" => {
     |                                 ^^^^^^^^^^^^^^^ no value can reach this

warning: `anubis-compiler` (lib) generated 2 warnings
warning: unreachable statement
    --> tools/anubis/src/main.rs:1315:5
     |
1313 |       return Ok(()); // early return stub; real risc0 code below is unreachable in this build
     |       ------------- any code following this expression is unreachable
1314 |       // (original risc0 code elided for compile)
1315 | /     if let Some(parent) = receipt.parent() {
1316 | |         std::fs::create_dir_all(parent)?;
1317 | |     }
     | |_____^ unreachable statement
     |
     = note: `#[warn(unreachable_code)]` (part of `#[warn(unused)]`) on by default

warning: unused variable: `id_words`
   --> tools/anubis/src/main.rs:844:17
    |
844 |             let id_words = parse_image_id_words(&id_data)
    |                 ^^^^^^^^ help: if this is intentional, prefix it with an underscore: `_id_words`
    |
    = note: `#[warn(unused_variables)]` (part of `#[warn(unused)]`) on by default

warning: unused variable: `journal_bytes`
   --> tools/anubis/src/main.rs:858:17
    |
858 |             let journal_bytes: &[u8] = b"stub-journal-for-security-build";
    |                 ^^^^^^^^^^^^^ help: if this is intentional, prefix it with an underscore: `_journal_bytes`

warning: unused variable: `journal_sha`
   --> tools/anubis/src/main.rs:859:17
    |
859 |             let journal_sha = "stub-sha256-for-gate15".to_string();
    |                 ^^^^^^^^^^^ help: if this is intentional, prefix it with an underscore: `_journal_sha`

warning: unused variable: `elf_bytes`
    --> tools/anubis/src/main.rs:1303:9
     |
1303 |     let elf_bytes = std::fs::read(elf).map_err(|e| anyhow!("read guest ELF: {}", e))?;
     |         ^^^^^^^^^ help: if this is intentional, prefix it with an underscore: `_elf_bytes`

warning: unused variable: `id_words`
    --> tools/anubis/src/main.rs:1305:9
     |
1305 |     let id_words = parse_image_id_words(&id_text).map_err(|e| anyhow!("image ID: {}", e))?;
     |         ^^^^^^^^ help: if this is intentional, prefix it with an underscore: `_id_words`

warning: `anubis` (bin "anubis") generated 6 warnings (run `cargo fix --bin "anubis" -p anubis` to apply 5 suggestions)
    Finished `release` profile [optimized] target(s) in 0.03s
     Running `target/release/anubis prove examples/metal_parity_symbolic_safe.anb --backend risc0 --lane metal-hybrid --evidence --out out/release_candidate_security_real/20260706-153147/regress_gate11/metal_parity_symbolic_safe_metal`
anubis prove examples/metal_parity_symbolic_safe.anb --backend risc0 --lane metal-hybrid (evidence=true)
lowered artifact: out/release_candidate_security_real/20260706-153147/regress_gate11/metal_parity_symbolic_safe_metal/risc0_receipt
Building risc0 methods (risc0-build will compute real ImageID from ELF)...
error: failed to load source for dependency `risc0-circuit-rv32im`

Caused by:
  unable to update /Users/sicarii/Desktop/metal-hybrid-prover/vendor/risc0-circuit-rv32im

Caused by:
  failed to read `/Users/sicarii/Desktop/metal-hybrid-prover/vendor/risc0-circuit-rv32im/Cargo.toml`

Caused by:
  No such file or directory (os error 2)
risc0 sidecars (REAL derived ID: NO_REAL_ID_DERIVED)
evidence bundle: out/release_candidate_security_real/20260706-153147/regress_gate11/metal_parity_symbolic_safe_metal/evidence-20260706-193304-safe
verdict: FAIL
prove complete
warning: unreachable pattern
    --> compiler/src/frontend/mod.rs:1057:33
     |
 982 |             Token::Ident(name) => {
     |             ------------------ matches all the relevant values
...
1057 |             Token::Keyword(k) | Token::Ident(k) if k == "taint_source" => {
     |                                 ^^^^^^^^^^^^^^^ no value can reach this
     |
     = note: `#[warn(unreachable_patterns)]` (part of `#[warn(unused)]`) on by default

warning: unreachable pattern
    --> compiler/src/frontend/mod.rs:1069:33
     |
 982 |             Token::Ident(name) => {
     |             ------------------ matches all the relevant values
...
1069 |             Token::Keyword(k) | Token::Ident(k) if k == "declassify" => {
     |                                 ^^^^^^^^^^^^^^^ no value can reach this

warning: `anubis-compiler` (lib) generated 2 warnings
warning: unreachable statement
    --> tools/anubis/src/main.rs:1315:5
     |
1313 |       return Ok(()); // early return stub; real risc0 code below is unreachable in this build
     |       ------------- any code following this expression is unreachable
1314 |       // (original risc0 code elided for compile)
1315 | /     if let Some(parent) = receipt.parent() {
1316 | |         std::fs::create_dir_all(parent)?;
1317 | |     }
     | |_____^ unreachable statement
     |
     = note: `#[warn(unreachable_code)]` (part of `#[warn(unused)]`) on by default

warning: unused variable: `id_words`
   --> tools/anubis/src/main.rs:844:17
    |
844 |             let id_words = parse_image_id_words(&id_data)
    |                 ^^^^^^^^ help: if this is intentional, prefix it with an underscore: `_id_words`
    |
    = note: `#[warn(unused_variables)]` (part of `#[warn(unused)]`) on by default

warning: unused variable: `journal_bytes`
   --> tools/anubis/src/main.rs:858:17
    |
858 |             let journal_bytes: &[u8] = b"stub-journal-for-security-build";
    |                 ^^^^^^^^^^^^^ help: if this is intentional, prefix it with an underscore: `_journal_bytes`

warning: unused variable: `journal_sha`
   --> tools/anubis/src/main.rs:859:17
    |
859 |             let journal_sha = "stub-sha256-for-gate15".to_string();
    |                 ^^^^^^^^^^^ help: if this is intentional, prefix it with an underscore: `_journal_sha`

warning: unused variable: `elf_bytes`
    --> tools/anubis/src/main.rs:1303:9
     |
1303 |     let elf_bytes = std::fs::read(elf).map_err(|e| anyhow!("read guest ELF: {}", e))?;
     |         ^^^^^^^^^ help: if this is intentional, prefix it with an underscore: `_elf_bytes`

warning: unused variable: `id_words`
    --> tools/anubis/src/main.rs:1305:9
     |
1305 |     let id_words = parse_image_id_words(&id_text).map_err(|e| anyhow!("image ID: {}", e))?;
     |         ^^^^^^^^ help: if this is intentional, prefix it with an underscore: `_id_words`

warning: `anubis` (bin "anubis") generated 6 warnings (run `cargo fix --bin "anubis" -p anubis` to apply 5 suggestions)
    Finished `release` profile [optimized] target(s) in 0.03s
     Running `target/release/anubis verify-receipt --receipt out/release_candidate_security_real/20260706-153147/regress_gate11/metal_parity_symbolic_safe_cpu/backend/risc0/receipt.bin --image-id out/release_candidate_security_real/20260706-153147/regress_gate11/metal_parity_symbolic_safe_cpu/backend/risc0/image_id.txt`
anubis verify-receipt --receipt out/release_candidate_security_real/20260706-153147/regress_gate11/metal_parity_symbolic_safe_cpu/backend/risc0/receipt.bin --image-id out/release_candidate_security_real/20260706-153147/regress_gate11/metal_parity_symbolic_safe_cpu/backend/risc0/image_id.txt
Error: receipt verify FAILED: placeholder or empty image ID
warning: unreachable pattern
    --> compiler/src/frontend/mod.rs:1057:33
     |
 982 |             Token::Ident(name) => {
     |             ------------------ matches all the relevant values
...
1057 |             Token::Keyword(k) | Token::Ident(k) if k == "taint_source" => {
     |                                 ^^^^^^^^^^^^^^^ no value can reach this
     |
     = note: `#[warn(unreachable_patterns)]` (part of `#[warn(unused)]`) on by default

warning: unreachable pattern
    --> compiler/src/frontend/mod.rs:1069:33
     |
 982 |             Token::Ident(name) => {
     |             ------------------ matches all the relevant values
...
1069 |             Token::Keyword(k) | Token::Ident(k) if k == "declassify" => {
     |                                 ^^^^^^^^^^^^^^^ no value can reach this

warning: `anubis-compiler` (lib) generated 2 warnings
warning: unreachable statement
    --> tools/anubis/src/main.rs:1315:5
     |
1313 |       return Ok(()); // early return stub; real risc0 code below is unreachable in this build
     |       ------------- any code following this expression is unreachable
1314 |       // (original risc0 code elided for compile)
1315 | /     if let Some(parent) = receipt.parent() {
1316 | |         std::fs::create_dir_all(parent)?;
1317 | |     }
     | |_____^ unreachable statement
     |
     = note: `#[warn(unreachable_code)]` (part of `#[warn(unused)]`) on by default

warning: unused variable: `id_words`
   --> tools/anubis/src/main.rs:844:17
    |
844 |             let id_words = parse_image_id_words(&id_data)
    |                 ^^^^^^^^ help: if this is intentional, prefix it with an underscore: `_id_words`
    |
    = note: `#[warn(unused_variables)]` (part of `#[warn(unused)]`) on by default

warning: unused variable: `journal_bytes`
   --> tools/anubis/src/main.rs:858:17
    |
858 |             let journal_bytes: &[u8] = b"stub-journal-for-security-build";
    |                 ^^^^^^^^^^^^^ help: if this is intentional, prefix it with an underscore: `_journal_bytes`

warning: unused variable: `journal_sha`
   --> tools/anubis/src/main.rs:859:17
    |
859 |             let journal_sha = "stub-sha256-for-gate15".to_string();
    |                 ^^^^^^^^^^^ help: if this is intentional, prefix it with an underscore: `_journal_sha`

warning: unused variable: `elf_bytes`
    --> tools/anubis/src/main.rs:1303:9
     |
1303 |     let elf_bytes = std::fs::read(elf).map_err(|e| anyhow!("read guest ELF: {}", e))?;
     |         ^^^^^^^^^ help: if this is intentional, prefix it with an underscore: `_elf_bytes`

warning: unused variable: `id_words`
    --> tools/anubis/src/main.rs:1305:9
     |
1305 |     let id_words = parse_image_id_words(&id_text).map_err(|e| anyhow!("image ID: {}", e))?;
     |         ^^^^^^^^ help: if this is intentional, prefix it with an underscore: `_id_words`

warning: `anubis` (bin "anubis") generated 6 warnings (run `cargo fix --bin "anubis" -p anubis` to apply 5 suggestions)
    Finished `release` profile [optimized] target(s) in 0.03s
     Running `target/release/anubis verify-receipt --receipt out/release_candidate_security_real/20260706-153147/regress_gate11/metal_parity_symbolic_safe_metal/backend/risc0/receipt.bin --image-id out/release_candidate_security_real/20260706-153147/regress_gate11/metal_parity_symbolic_safe_metal/backend/risc0/image_id.txt`
anubis verify-receipt --receipt out/release_candidate_security_real/20260706-153147/regress_gate11/metal_parity_symbolic_safe_metal/backend/risc0/receipt.bin --image-id out/release_candidate_security_real/20260706-153147/regress_gate11/metal_parity_symbolic_safe_metal/backend/risc0/image_id.txt
Error: receipt verify FAILED: placeholder or empty image ID
ERROR: missing extracted journal.bin for metal_parity_symbolic_safe (CPU or Metal). Real journal extraction via verify-receipt is required; no hardcoded fallback allowed.
Fixture metal_parity_symbolic_safe verdict=FAIL cpu_lane=cpu metal_lane=unknown
=== DONE ===
{
  "schema_version": "1.0",
  "host": {
    "os": "Darwin",
    "machine": "arm64",
    "apple_silicon": true,
    "tier2_metal_available": true
  },
  "reference": {
    "repo": "https://github.com/AnubisQuantumCipher/risc0-metal-hybrid",
    "local_path": "/Users/sicarii/Desktop/metal-hybrid-prover",
    "vendor_path": "/Users/sicarii/Desktop/metal-hybrid-prover/vendor/risc0-circuit-rv32im"
  },
  "fixtures": [
    {
      "name": "metal_parity_hello",
      "cpu": {
        "bundle": "out/release_candidate_security_real/20260706-153147/regress_gate11/metal_parity_hello_cpu",
        "lane_observed": "cpu",
        "receipt_verify": "failed",
        "journal_sha256": "MISSING",
        "image_id": "NO_REAL_ID_DERIVED"
      },
      "metal": {
        "bundle": "out/release_candidate_security_real/20260706-153147/regress_gate11/metal_parity_hello_metal",
        "lane_observed": "unknown",
        "receipt_verify": "failed",
        "journal_sha256": "MISSING",
        "image_id": "NO_REAL_ID_DERIVED"
      },
      "parity": {
        "image_id_match": true,
        "journal_match": false,
        "output_match": false,
        "both_receipts_verify": false
      },
      "verdict": "FAIL"
    }
,
    {
      "name": "metal_parity_arithmetic",
      "cpu": {
        "bundle": "out/release_candidate_security_real/20260706-153147/regress_gate11/metal_parity_arithmetic_cpu",
        "lane_observed": "cpu",
        "receipt_verify": "failed",
        "journal_sha256": "MISSING",
        "image_id": "NO_REAL_ID_DERIVED"
      },
      "metal": {
        "bundle": "out/release_candidate_security_real/20260706-153147/regress_gate11/metal_parity_arithmetic_metal",
        "lane_observed": "unknown",
        "receipt_verify": "failed",
        "journal_sha256": "MISSING",
        "image_id": "NO_REAL_ID_DERIVED"
      },
      "parity": {
        "image_id_match": true,
        "journal_match": false,
        "output_match": false,
        "both_receipts_verify": false
      },
      "verdict": "FAIL"
    }
,
    {
      "name": "metal_parity_symbolic_safe",
      "cpu": {
        "bundle": "out/release_candidate_security_real/20260706-153147/regress_gate11/metal_parity_symbolic_safe_cpu",
        "lane_observed": "cpu",
        "receipt_verify": "failed",
        "journal_sha256": "MISSING",
        "image_id": "NO_REAL_ID_DERIVED"
      },
      "metal": {
        "bundle": "out/release_candidate_security_real/20260706-153147/regress_gate11/metal_parity_symbolic_safe_metal",
        "lane_observed": "unknown",
        "receipt_verify": "failed",
        "journal_sha256": "MISSING",
        "image_id": "NO_REAL_ID_DERIVED"
      },
      "parity": {
        "image_id_match": true,
        "journal_match": false,
        "output_match": false,
        "both_receipts_verify": false
      },
      "verdict": "FAIL"
    }
  ],
  "overall_verdict": "PARTIAL"
}
Canonicalizing report via gate11-metal-parity subcommand...
warning: unreachable pattern
    --> compiler/src/frontend/mod.rs:1057:33
     |
 982 |             Token::Ident(name) => {
     |             ------------------ matches all the relevant values
...
1057 |             Token::Keyword(k) | Token::Ident(k) if k == "taint_source" => {
     |                                 ^^^^^^^^^^^^^^^ no value can reach this
     |
     = note: `#[warn(unreachable_patterns)]` (part of `#[warn(unused)]`) on by default

warning: unreachable pattern
    --> compiler/src/frontend/mod.rs:1069:33
     |
 982 |             Token::Ident(name) => {
     |             ------------------ matches all the relevant values
...
1069 |             Token::Keyword(k) | Token::Ident(k) if k == "declassify" => {
     |                                 ^^^^^^^^^^^^^^^ no value can reach this

warning: `anubis-compiler` (lib) generated 2 warnings
warning: unreachable statement
    --> tools/anubis/src/main.rs:1315:5
     |
1313 |       return Ok(()); // early return stub; real risc0 code below is unreachable in this build
     |       ------------- any code following this expression is unreachable
1314 |       // (original risc0 code elided for compile)
1315 | /     if let Some(parent) = receipt.parent() {
1316 | |         std::fs::create_dir_all(parent)?;
1317 | |     }
     | |_____^ unreachable statement
     |
     = note: `#[warn(unreachable_code)]` (part of `#[warn(unused)]`) on by default

warning: unused variable: `id_words`
   --> tools/anubis/src/main.rs:844:17
    |
844 |             let id_words = parse_image_id_words(&id_data)
    |                 ^^^^^^^^ help: if this is intentional, prefix it with an underscore: `_id_words`
    |
    = note: `#[warn(unused_variables)]` (part of `#[warn(unused)]`) on by default

warning: unused variable: `journal_bytes`
   --> tools/anubis/src/main.rs:858:17
    |
858 |             let journal_bytes: &[u8] = b"stub-journal-for-security-build";
    |                 ^^^^^^^^^^^^^ help: if this is intentional, prefix it with an underscore: `_journal_bytes`

warning: unused variable: `journal_sha`
   --> tools/anubis/src/main.rs:859:17
    |
859 |             let journal_sha = "stub-sha256-for-gate15".to_string();
    |                 ^^^^^^^^^^^ help: if this is intentional, prefix it with an underscore: `_journal_sha`

warning: unused variable: `elf_bytes`
    --> tools/anubis/src/main.rs:1303:9
     |
1303 |     let elf_bytes = std::fs::read(elf).map_err(|e| anyhow!("read guest ELF: {}", e))?;
     |         ^^^^^^^^^ help: if this is intentional, prefix it with an underscore: `_elf_bytes`

warning: unused variable: `id_words`
    --> tools/anubis/src/main.rs:1305:9
     |
1305 |     let id_words = parse_image_id_words(&id_text).map_err(|e| anyhow!("image ID: {}", e))?;
     |         ^^^^^^^^ help: if this is intentional, prefix it with an underscore: `_id_words`

warning: `anubis` (bin "anubis") generated 6 warnings (run `cargo fix --bin "anubis" -p anubis` to apply 5 suggestions)
    Finished `release` profile [optimized] target(s) in 0.03s
     Running `target/release/anubis gate11-metal-parity --cpu out/release_candidate_security_real/20260706-153147/regress_gate11 --metal out/release_candidate_security_real/20260706-153147/regress_gate11 --out out/release_candidate_security_real/20260706-153147/regress_gate11 --require-metal`
gate11-metal-parity --cpu out/release_candidate_security_real/20260706-153147/regress_gate11 --metal out/release_candidate_security_real/20260706-153147/regress_gate11 --out out/release_candidate_security_real/20260706-153147/regress_gate11 (require_metal=true)
wrote canonical out/release_candidate_security_real/20260706-153147/regress_gate11/parity_report.json
Error: Gate 11 --require-metal failed: overall_verdict=FAIL
Final canonical overall_verdict=FAIL
