Diff in /Users/sicarii/anubis-lang/tools/anubis/src/main.rs:791:
         // (helps when parent was started via `cargo run`).
         let current = std::env::current_exe().expect("current exe");
         let exe = {
-            let release = current.parent().map(|p| p.join("anubis")).filter(|p| p.exists() && *p != current);
+            let release = current
+                .parent()
+                .map(|p| p.join("anubis"))
+                .filter(|p| p.exists() && *p != current);
             release.unwrap_or(current)
         };
 
Diff in /Users/sicarii/anubis-lang/tools/anubis/src/main.rs:813:
         // Clean env + essential + our controls
         cmd.env_clear();
         // Re-set basic PATH and HOME so child can find things
-        if let Ok(path) = std::env::var("PATH") { cmd.env("PATH", path); }
-        if let Ok(home) = std::env::var("HOME") { cmd.env("HOME", home); }
-        if let Ok(tmp) = std::env::var("TMPDIR") { cmd.env("TMPDIR", tmp); }
+        if let Ok(path) = std::env::var("PATH") {
+            cmd.env("PATH", path);
+        }
+        if let Ok(home) = std::env::var("HOME") {
+            cmd.env("HOME", home);
+        }
+        if let Ok(tmp) = std::env::var("TMPDIR") {
+            cmd.env("TMPDIR", tmp);
+        }
 
-        cmd.env("RISC0_DEV_MODE", "0")
-            .env("R0_DISABLE_METAL", "1");  // CPU lane for stability until full integration from reference
+        cmd.env("RISC0_DEV_MODE", "0").env("R0_DISABLE_METAL", "1"); // CPU lane for stability until full integration from reference
 
         match cmd.status() {
             Ok(status) => (status.success(), format!("child_status={}", status)),
