=== Gate 10 A15 Reproduction 20260706-031843 ===
Branch: a-plus-maturity/20260705-1649
Start: 2026-07-06

=== 1. gating pre-checks ===
bash tools/grok-safety-check.sh
safety-check: OK
cargo fmt --check
fmt-check: PASS
cargo test -p anubis-compiler risc0
risc0-compiler-test: PASS
cargo test --all
all-tests: PASS
cargo clippy --all-targets -- -D warnings
clippy: PASS

=== 2. fresh prove ===
rm -rf out/a15_gate10_final_pass
cargo run --release -p anubis -- prove examples/risc0_receipt.anb --backend risc0 --evidence --out out/a15_gate10_final_pass
fresh-prove: PASS

=== 3. file checks ===
find ... | sort
test -s .../guest.elf : PASS (270608 bytes)
test -s .../image_id.txt : PASS
test -s .../receipt.bin : PASS (209570 bytes)
cat .../image_id.txt : 2727625676 432373589 1255522520 2670473446 550553379 177840409 511235906 3483898471
grep -R for placeholder token -> no match : PASS no placeholder
guest.elf size OK
image_id.txt size OK
receipt.bin size OK
no placeholder image id

=== 4. metadata and verify ===
jq . .../risc0_metadata.json
fresh_receipt_generated: true
image_id_is_placeholder: false
cache_used: false
dev_mode: false
mock_prover: false
verify_status: passed
risc0-metadata: PASS jq fields
fresh-receipt-jq: PASS true
no-cache-jq: PASS false
no-dev-jq: PASS false
no-mock-jq: PASS false
verify-status-jq: PASS "passed"

cargo run --release -p anubis -- verify-receipt --receipt .../receipt.bin --image-id .../image_id.txt
standalone-verify: PASS
receipt.verify(ANUBIS_ID) PASSED (real RISC0 API path: risc0_zkvm::Receipt::verify)

=== 5. schema and bundle ===
bash scripts/check_evidence_schema.sh out/a15_gate10_final_pass/evidence-*
schema-check: PASS for layout
bash scripts/verify_bundle.sh out/a15_gate10_final_pass/evidence-*
bundle-verify: SUCCESS (RC=0)

=== 6. tamper tests ===
for 5 patterns: receipt.bin image_id.txt guest.elf risc0_metadata.json receipt.verify.log
  cp ... tampered, append "tamper", verify_bundle -> detected (nonzero exit)
tamper-receipt: PASS detected (nonzero)
tamper-image: PASS detected
tamper-guest-elf: PASS detected
tamper-risc0meta: PASS detected
tamper-verifylog: PASS detected
tamper correctly detected for receipt.bin
tamper correctly detected for image_id.txt
tamper correctly detected for guest.elf
tamper correctly detected for risc0_metadata.json
tamper correctly detected for receipt.verify.log

=== 7. freshness check on validate.sh ===
Self-contained bundle validation present: good

=== 8. populate A15 dir ===
cp ... to implementer/.../gate10_final_pass/
risc0_receipt.anb copy present
full evidence bundle + sidecars present: guest.elf, image_id.txt, receipt.bin, risc0_metadata.json, receipt.verify.log, manifest.json, evidence.json, risc0_receipt.anb
backend/risc0/ sidecars present: guest.elf image_id.txt receipt.bin risc0_metadata.json receipt.verify.log

=== A15 COMPLETE ===
All sub-verdicts: Top-level PASS, Real ImageID, Fresh receipt, Real RISC0 API, Standalone, Dev/mock avoided, Strict tamper, Reference documented, Gate 10 final: YES
End: 2026-07-06
