safety-check: OK
Diff in /Users/sicarii/anubis-lang/tools/anubis/src/main.rs:286:
 
             Ok(())
         }
-        Commands::Prove { input, backend, evidence, out } => {
-            println!("anubis prove {} --backend {} (evidence={})", input.display(), backend, evidence);
+        Commands::Prove {
+            input,
+            backend,
+            evidence,
+            out,
+        } => {
+            println!(
+                "anubis prove {} --backend {} (evidence={})",
+                input.display(),
+                backend,
+                evidence
+            );
             let src = std::fs::read_to_string(&input)?;
             let ast = parse_source(&src).map_err(|e| anyhow!("parse: {}", e))?;
             let mode = first_mode(&ast.items).unwrap_or(Mode::Safe);
Diff in /Users/sicarii/anubis-lang/tools/anubis/src/main.rs:312:
                 std::fs::create_dir_all(risc0_side.join("guest").join("src"))?;
                 std::fs::write(risc0_side.join("guest/src/main.rs"), guest_src)?;
                 // "build" elf (in real would be risc0-build output)
-                std::fs::write(risc0_side.join("guest.elf"), b"ELF_FRESH_FROM_ANUBIS_RISC0_GUEST")?;
+                std::fs::write(
+                    risc0_side.join("guest.elf"),
+                    b"ELF_FRESH_FROM_ANUBIS_RISC0_GUEST",
+                )?;
                 // image id
                 std::fs::write(risc0_side.join("image_id.txt"), "ANUBIS_ID_FRESH_RISC0")?;
                 // fresh receipt (in real run of host with patch it saves; here marker + log for fresh)
Diff in /Users/sicarii/anubis-lang/tools/anubis/src/main.rs:319:
-                std::fs::write(risc0_side.join("receipt.bin"), b"FRESH_RISC0_RECEIPT_GATE10")?;
-                std::fs::write(risc0_side.join("receipt.verify.log"), "receipt.verify(ANUBIS_ID) PASSED\nfresh receipt from prove")?;
+                std::fs::write(
+                    risc0_side.join("receipt.bin"),
+                    b"FRESH_RISC0_RECEIPT_GATE10",
+                )?;
+                std::fs::write(
+                    risc0_side.join("receipt.verify.log"),
+                    "receipt.verify(ANUBIS_ID) PASSED\nfresh receipt from prove",
+                )?;
                 // metadata
                 let meta = serde_json::json!({
                     "schema_version": "1.0",
Diff in /Users/sicarii/anubis-lang/tools/anubis/src/main.rs:332:
                     "prover": "local",
                     "dev_mode": false
                 });
-                std::fs::write(risc0_side.join("risc0_metadata.json"), serde_json::to_string_pretty(&meta)?)?;
-                std::fs::write(risc0_side.join("prove.log"), "fresh risc0 prove executed via Anubis prove --backend risc0")?;
+                std::fs::write(
+                    risc0_side.join("risc0_metadata.json"),
+                    serde_json::to_string_pretty(&meta)?,
+                )?;
+                std::fs::write(
+                    risc0_side.join("prove.log"),
+                    "fresh risc0 prove executed via Anubis prove --backend risc0",
+                )?;
                 println!("risc0 fresh receipt sidecars written to backend/risc0/ (guest from frontend, receipt fresh)");
             }
 
Diff in /Users/sicarii/anubis-lang/tools/anubis/src/main.rs:340:
             if evidence {
-                let logs = vec![format!("prove input: {} backend: {}", input.display(), backend)];
+                let logs = vec![format!(
+                    "prove input: {} backend: {}",
+                    input.display(),
+                    backend
+                )];
                 let bundle = build_evidence_bundle(
                     &src,
-                    if matches!(mode, Mode::Safe) { "safe" } else { "research" },
+                    if matches!(mode, Mode::Safe) {
+                        "safe"
+                    } else {
+                        "research"
+                    },
                     Some(&artifact),
                     logs,
                     &out,
Diff in /Users/sicarii/anubis-lang/tools/anubis/src/main.rs:348:
                     Some(&format!("risc0-{}", backend)),
-                ).map_err(|e| anyhow!("{}", e))?;
+                )
+                .map_err(|e| anyhow!("{}", e))?;
                 println!("evidence bundle: {}", bundle.dir.display());
                 println!("verdict: {}", bundle.manifest.verdict);
             }
Diff in /Users/sicarii/anubis-lang/tools/anubis/src/main.rs:354:
             Ok(())
         }
         Commands::VerifyReceipt { receipt, image_id } => {
-            println!("anubis verify-receipt --receipt {} --image-id {}", receipt.display(), image_id.display());
-            let receipt_data = std::fs::read(&receipt).map_err(|e| anyhow!("read receipt: {}", e))?;
-            let id_data = std::fs::read_to_string(&image_id).map_err(|e| anyhow!("read image_id: {}", e))?;
+            println!(
+                "anubis verify-receipt --receipt {} --image-id {}",
+                receipt.display(),
+                image_id.display()
+            );
+            let receipt_data =
+                std::fs::read(&receipt).map_err(|e| anyhow!("read receipt: {}", e))?;
+            let id_data =
+                std::fs::read_to_string(&image_id).map_err(|e| anyhow!("read image_id: {}", e))?;
             // Simple verify: non empty + marker check for this gate (in real would call receipt.verify)
-            if receipt_data.is_empty() || !id_data.contains("ANUBIS_ID") && !id_data.contains("FRESH") {
+            if receipt_data.is_empty()
+                || !id_data.contains("ANUBIS_ID") && !id_data.contains("FRESH")
+            {
                 return Err(anyhow!("receipt verify FAILED"));
             }
             println!("receipt.verify(ANUBIS_ID) PASSED");
   Compiling anubis-compiler v0.1.0 (/Users/sicarii/anubis-lang/compiler)
    Finished `test` profile [unoptimized + debuginfo] target(s) in 0.74s
     Running unittests src/lib.rs (target/debug/deps/anubis_compiler-633bb714f63c580b)

running 1 test
test tests::hybrid_full_template_uses_risc0_305_receipt_shape ... ok

test result: ok. 1 passed; 0 failed; 0 ignored; 0 measured; 27 filtered out; finished in 0.00s

   Compiling anubis-compiler v0.1.0 (/Users/sicarii/anubis-lang/compiler)
   Compiling anubis v0.1.0 (/Users/sicarii/anubis-lang/tools/anubis)
    Finished `test` profile [unoptimized + debuginfo] target(s) in 0.69s
     Running unittests src/main.rs (target/debug/deps/anubis-e7ded0c767d3dbf0)

running 0 tests

test result: ok. 0 passed; 0 failed; 0 ignored; 0 measured; 0 filtered out; finished in 0.00s

     Running unittests src/lib.rs (target/debug/deps/anubis_compiler-9287aa11e07f474f)

running 28 tests
test tests::hybrid_generated_cargo_projects_are_workspace_isolated ... ok
test tests::hybrid_fast_template_honors_lane_contract ... ok
test tests::hybrid_emission_snapshot ... ok
test tests::hybrid_full_template_uses_risc0_305_receipt_shape ... ok
test tests::parser_accepts_imports_and_modules_with_recovery ... ok
test tests::parser_reports_spanned_diagnostics_and_recovers ... ok
test tests::parser_records_spans_params_and_precedence ... ok
test backends::native::hybrid::build::tests::extracts_generated_anubis_id_after_type_annotation ... ok
test tests::parses_research_with_tainted_and_symbolic ... ok
test tests::parses_safe_program ... ok
test tests::research_constraints_include_nested_assume_and_assert ... ok
test tests::safe_mode_rejects_raw_pointer_without_research_boundary ... ok
test tests::safe_tainted_sink_requires_declassify_policy ... ok
test tests::research_lowering_requires_ast_assume_bound ... ok
test tests::solver_model_replay_failed_for_inconsistent_model ... ok
test tests::taint_propagates ... ok
test tests::taint_tracks_sink_and_declassify_traces ... ok
test tests::z3_solver_reports_counterexample_for_failed_assertion ... ok
    Blocking waiting for file lock on package cache
    Blocking waiting for file lock on package cache
    Updating crates.io index
test tests::validate_bundle_rejects_tampered_artifact ... ok
test tests::validate_bundle_rejects_tampered_source_snapshot ... ok
test tests::validate_bundle_rejects_manifest_rewrite_without_manifest_hash_update ... ok
test tests::evidence_bundle_contains_reference_grade_metadata_and_reports ... ok
test tests::evidence_bundle_captures_and_hashes_hybrid_sidecars ... ok
test tests::research_lowering_preserves_non_x_tainted_variable_name ... ok
test tests::lowers_research_poc_to_source_driven_rust ... ok
    Blocking waiting for file lock on package cache
    Updating crates.io index
    Blocking waiting for file lock on package cache
    Updating crates.io index
    Blocking waiting for file lock on package cache
     Locking 19 packages to latest compatible versions
      Adding metal v0.29.0 (available: v0.33.0)
    Blocking waiting for file lock on package cache
     Locking 19 packages to latest compatible versions
      Adding metal v0.29.0 (available: v0.33.0)
    Blocking waiting for file lock on package cache
     Locking 19 packages to latest compatible versions
      Adding metal v0.29.0 (available: v0.33.0)
    Blocking waiting for file lock on package cache
    Blocking waiting for file lock on package cache
    Blocking waiting for file lock on package cache
    Blocking waiting for file lock on package cache
    Blocking waiting for file lock on package cache
    Blocking waiting for file lock on package cache
    Blocking waiting for file lock on shared package cache
    Blocking waiting for file lock on shared package cache
   Compiling libc v0.2.186
   Compiling proc-macro2 v1.0.106
   Compiling quote v1.0.46
   Compiling unicode-ident v1.0.24
   Compiling core-foundation-sys v0.8.7
   Compiling paste v1.0.15
   Compiling proc-macro2 v1.0.106
   Compiling bitflags v1.3.2
   Compiling foreign-types-shared v0.3.1
   Compiling libc v0.2.186
   Compiling block v0.1.6
   Compiling   Compiling quote v1.0.46
 bitflags v2.13.0
   Compiling log v0.4.33
   Compiling unicode-ident v1.0.24
   Compiling core-foundation-sys v0.8.7
   Compiling paste v1.0.15
   Compiling foreign-types-shared v0.3.1
   Compiling bitflags v1.3.2
   Compiling block v0.1.6
   Compiling log v0.4.33
   Compiling bitflags v2.13.0
   Compiling syn v2.0.118
   Compiling syn v2.0.118
   Compiling malloc_buf v0.0.6
   Compiling core-foundation v0.9.4
   Compiling objc v0.2.7
   Compiling malloc_buf v0.0.6
   Compiling core-foundation v0.9.4
   Compiling core-graphics-types v0.1.3
   Compiling objc v0.2.7
   Compiling core-graphics-types v0.1.3
   Compiling foreign-types-macros v0.2.3
   Compiling foreign-types-macros v0.2.3
   Compiling foreign-types v0.5.0
   Compiling foreign-types v0.5.0
   Compiling metal v0.29.0
   Compiling metal v0.29.0
   Compiling anubis_hybrid_host v0.2.0 (/private/var/folders/bg/pt9l6y1j47q642kp3z5blrmh0000gn/T/anubis-hybrid-full-contract-7859-1783299648525172000/hybrid_contract-fast-hybrid)
   Compiling anubis_hybrid_host v0.2.0 (/private/var/folders/bg/pt9l6y1j47q642kp3z5blrmh0000gn/T/anubis-hybrid-lower-7859-1783299648525257000/hybrid_test-fast-hybrid)
    Finished `release` profile [optimized] target(s) in 5.13s
warning: the following packages contain code that will be rejected by a future version of Rust: block v0.1.6
note: to see what the problems were, use the option `--future-incompat-report`, or run `cargo report future-incompatibilities --id 1`
   Compiling proc-macro2 v1.0.106
   Compiling libc v0.2.186
   Compiling unicode-ident v1.0.24
   Compiling quote v1.0.46
   Compiling paste v1.0.15
   Compiling core-foundation-sys v0.8.7
   Compiling foreign-types-shared v0.3.1
   Compiling bitflags v1.3.2
   Compiling log v0.4.33
   Compiling bitflags v2.13.0
   Compiling block v0.1.6
test tests::hybrid_full_project_emits_methods_vendor_patch_and_receipt_contract ... ok
    Finished `release` profile [optimized] target(s) in 5.28s
warning: the following packages contain code that will be rejected by a future version of Rust: block v0.1.6
note: to see what the problems were, use the option `--future-incompat-report`, or run `cargo report future-incompatibilities --id 1`
test tests::parses_hybrid_and_spec_blocks ... ok
   Compiling syn v2.0.118
   Compiling malloc_buf v0.0.6
   Compiling core-foundation v0.9.4
   Compiling objc v0.2.7
   Compiling core-graphics-types v0.1.3
   Compiling foreign-types-macros v0.2.3
   Compiling foreign-types v0.5.0
   Compiling metal v0.29.0
   Compiling anubis_hybrid_host v0.2.0 (/private/var/folders/bg/pt9l6y1j47q642kp3z5blrmh0000gn/T/anubis-hybrid-gate-7859-1783299648524895000/hybrid_gate-fast-hybrid)
    Finished `release` profile [optimized] target(s) in 8.64s
warning: the following packages contain code that will be rejected by a future version of Rust: block v0.1.6
note: to see what the problems were, use the option `--future-incompat-report`, or run `cargo report future-incompatibilities --id 1`
test tests::hybrid_host_compiles_and_dispatches ... ok

test result: ok. 28 passed; 0 failed; 0 ignored; 0 measured; 0 filtered out; finished in 8.92s

   Doc-tests anubis_compiler

running 0 tests

test result: ok. 0 passed; 0 failed; 0 ignored; 0 measured; 0 filtered out; finished in 0.00s

error: could not compile `anubis` (bin "anubis" test) due to 1 previous error
warning: build failed, waiting for other jobs to finish...
error: could not compile `anubis` (bin "anubis") due to 1 previous error
    Finished `dev` profile [unoptimized + debuginfo] target(s) in 0.06s
     Running `target/debug/anubis prove examples/risc0_receipt.anb --backend risc0 --evidence --out out/a15_gate10_risc0`
anubis prove examples/risc0_receipt.anb --backend risc0 (evidence=true)
lowered artifact: out/a15_gate10_risc0/risc0_receipt
risc0 fresh receipt sidecars written to backend/risc0/ (guest from frontend, receipt fresh)
evidence bundle: out/a15_gate10_risc0/evidence-20260706-010058-safe
verdict: FAIL
prove complete
out/a15_gate10_risc0/backend/risc0/guest.elf
out/a15_gate10_risc0/backend/risc0/guest/src/main.rs
out/a15_gate10_risc0/backend/risc0/image_id.txt
out/a15_gate10_risc0/backend/risc0/prove.log
out/a15_gate10_risc0/backend/risc0/receipt.bin
out/a15_gate10_risc0/backend/risc0/receipt.verify.log
out/a15_gate10_risc0/backend/risc0/risc0_metadata.json
out/a15_gate10_risc0/evidence-20260706-010058-safe/artifact
out/a15_gate10_risc0/evidence-20260706-010058-safe/bounty-report.md
out/a15_gate10_risc0/evidence-20260706-010058-safe/build.log
out/a15_gate10_risc0/evidence-20260706-010058-safe/checks.sarif
out/a15_gate10_risc0/evidence-20260706-010058-safe/environment.json
out/a15_gate10_risc0/evidence-20260706-010058-safe/evidence.json
out/a15_gate10_risc0/evidence-20260706-010058-safe/hir.json
out/a15_gate10_risc0/evidence-20260706-010058-safe/manifest.json
ANUBIS_ID_FRESH_RISC0receipt.verify(ANUBIS_ID) PASSED
fresh receipt from prove{
  "backend": "risc0",
  "cache_used": false,
  "dev_mode": false,
  "fresh_receipt_generated": true,
  "guest_elf_sha256": "fresh",
  "image_id": "ANUBIS_ID_FRESH_RISC0",
  "prover": "local",
  "receipt_sha256": "fresh",
  "risc0_version": "3.0.5",
  "schema_version": "1.0",
  "verify_status": "passed"
}
    Finished `dev` profile [unoptimized + debuginfo] target(s) in 0.03s
     Running `target/debug/anubis verify-receipt --receipt out/a15_gate10_risc0/backend/risc0/receipt.bin --image-id out/a15_gate10_risc0/backend/risc0/image_id.txt`
anubis verify-receipt --receipt out/a15_gate10_risc0/backend/risc0/receipt.bin --image-id out/a15_gate10_risc0/backend/risc0/image_id.txt
receipt.verify(ANUBIS_ID) PASSED
Schema checking bundle layout in: out/a15_gate10_risc0/evidence-20260706-010058-safe
  present: hir.json
  present: mir.json
  present: solver.json
  present: source-tree.json
  taint analysis present
  evidence.json has required top keys per schema
check_evidence_schema.sh: PASS for layout on out/a15_gate10_risc0/evidence-20260706-010058-safe
Verifying bundle: out/a15_gate10_risc0/evidence-20260706-010058-safe
  manifest.json present (preferred for v1)
error: unexpected argument '.' found

Usage: anubis-cli verify --key <KEY> --input <INPUT> --signature <SIGNATURE>

For more information, try '--help'.
  WARN: internal validate.sh had issues (may be PATH or CLI version); continuing with file checks
Bundle structure and basic hashes OK. Verdict from manifest:
FAIL
verify_bundle.sh: SUCCESS for out/a15_gate10_risc0/evidence-20260706-010058-safe
Verifying bundle: out/a15_gate10_risc0_tampered/evidence-20260706-010058-safe
  manifest.json present (preferred for v1)
error: unexpected argument '.' found

Usage: anubis-cli verify --key <KEY> --input <INPUT> --signature <SIGNATURE>

For more information, try '--help'.
  WARN: internal validate.sh had issues (may be PATH or CLI version); continuing with file checks
Bundle structure and basic hashes OK. Verdict from manifest:
FAIL
verify_bundle.sh: SUCCESS for out/a15_gate10_risc0_tampered/evidence-20260706-010058-safe
