=== safety ===
safety-check: OK

=== fmt --check ===

=== risc0 tests ===
    Finished `test` profile [unoptimized + debuginfo] target(s) in 0.06s
     Running unittests src/lib.rs (target/debug/deps/anubis_compiler-633bb714f63c580b)

running 4 tests
test tests::hybrid_full_template_uses_risc0_305_receipt_shape ... ok
test tests::risc0_receipt_fixture ... ok
test tests::evidence_bundle_fails_when_risc0_metadata_reports_failed_verify ... ok
test tests::validate_bundle_rejects_nested_risc0_sidecar_tamper ... ok

test result: ok. 4 passed; 0 failed; 0 ignored; 0 measured; 28 filtered out; finished in 0.07s


=== clippy ===
    Checking risc0-circuit-rv32im v4.0.4 (/Users/sicarii/Desktop/metal-hybrid-prover/vendor/risc0-circuit-rv32im)
    Checking anubis-compiler v0.1.0 (/Users/sicarii/anubis-lang/compiler)
    Checking risc0-zkvm v3.0.5
    Checking anubis v0.1.0 (/Users/sicarii/anubis-lang/tools/anubis)
    Finished `dev` profile [unoptimized + debuginfo] target(s) in 3.72s
warning: the following packages contain code that will be rejected by a future version of Rust: block v0.1.6
note: to see what the problems were, use the option `--future-incompat-report`, or run `cargo report future-incompatibilities --id 1`

=== prove result (latest) ===
ID: 2727625676 432373589 1255522520 2670473446 550553379 177840409 511235906 3483898471
metadata:
{
  "backend": "risc0",
  "cache_used": false,
  "dev_mode": false,
  "fresh_receipt_generated": false,
  "guest_elf_sha256": "1cf5c59ae284bf33ea3bc31d470c59efb83bf04cfb58d6477252dd2217e9fe3c",
  "image_id": "2727625676 432373589 1255522520 2670473446 550553379 177840409 511235906 3483898471",
  "image_id_is_placeholder": false,
  "image_id_source": "extracted from risc0-build methods.rs after cargo build (real ELF)",
  "method_id_type": "risc0_image_id_u32x8",
  "methods_build_success": true,
  "mock_prover": false,
  "placeholder_image_id": false,
  "proof_detail": "child_success=false receipt_present=false image_id_valid=true elf_present=true; child_status=signal: 10 (SIGBUS)",
  "prover": "local-child",
  "receipt_generated_at": null,
  "receipt_sha256": "367131163c8eb3f6c129c87bc936e3df24cc909d2e1565c42d0b771425f79cb7",
  "receipt_verified_at": null,
  "risc0_version": "3.0.5",
  "run_stamp": "2026-07-06T02:09:07.660837+00:00",
  "schema_version": "1.0",
  "verify_status": "failed"
}
=== verify-receipt ===
    Finished `dev` profile [unoptimized + debuginfo] target(s) in 0.18s
warning: the following packages contain code that will be rejected by a future version of Rust: block v0.1.6
note: to see what the problems were, use the option `--future-incompat-report`, or run `cargo report future-incompatibilities --id 1`
     Running `target/debug/anubis verify-receipt --receipt implementer/a_plus_audit_run/20260705-2210/gate10_risc0_current/receipt.bin --image-id implementer/a_plus_audit_run/20260705-2210/gate10_risc0_current/image_id.txt`
anubis verify-receipt --receipt implementer/a_plus_audit_run/20260705-2210/gate10_risc0_current/receipt.bin --image-id implementer/a_plus_audit_run/20260705-2210/gate10_risc0_current/image_id.txt
Error: deserialize receipt: invalid value: integer `1129531730`, expected variant index 0 <= i < 4

=== verify_bundle ===
Verifying bundle: implementer/a_plus_audit_run/20260705-2210/gate10_risc0_current/proof_bundle/evidence-20260706-020907-safe
  manifest.json present (preferred for v1)
error: unexpected argument '.' found

Usage: anubis-cli verify --key <KEY> --input <INPUT> --signature <SIGNATURE>

For more information, try '--help'.
  WARN: internal validate.sh had issues (may be PATH or CLI version); continuing with manifest/verdict checks
Bundle structure and basic hashes OK. Verdict from manifest:
FAIL
FAIL: bundle verdict is FAIL

=== evidence risc0 check ===
{'name': 'hybrid_risc0_guest_elf_hash', 'status': 'PASS', 'detail': '1cf5c59ae284bf33ea3bc31d470c59efb83bf04cfb58d6477252dd2217e9fe3c'}
{'name': 'hybrid_risc0_image_id_txt_hash', 'status': 'PASS', 'detail': '7517466e75e0ee16e870281e9bd08152291435ad39e59d98968380516b9d5ad4'}
{'name': 'hybrid_risc0_receipt_bin_hash', 'status': 'PASS', 'detail': '367131163c8eb3f6c129c87bc936e3df24cc909d2e1565c42d0b771425f79cb7'}
{'name': 'hybrid_risc0_risc0_metadata_json_hash', 'status': 'PASS', 'detail': 'cd1cc9735b1d1ca268065bd3f2956cafd8ed64fbad215bff3e00f8ff08240568'}
{'name': 'hybrid_risc0_receipt_verify_log_hash', 'status': 'PASS', 'detail': '8c589a8cc2dc6c5041c82a0c1314bb329ff8f3926293e67427ebdd94bc4ba09f'}
{'name': 'hybrid_risc0_prove_log_hash', 'status': 'PASS', 'detail': 'b6b7ca8a3a74f5aa1c28bdb4f83928d3998e4ef57aab68a5640616aacec49f95'}
{'name': 'hybrid_risc0_guest_src_main_rs_hash', 'status': 'PASS', 'detail': 'af76dac3218c7aaf0df7eba777f8972dc94e3af19333e3beb5a0c234aa251432'}
{'name': 'hybrid_risc0_receipt_hash', 'status': 'PASS', 'detail': 'e352bf9749a70b59115b1e1298ca4731bac4540139ffea75b9e75e4cd7346c9b'}
{'name': 'hybrid_risc0_metadata_json_hash', 'status': 'PASS', 'detail': 'cd1cc9735b1d1ca268065bd3f2956cafd8ed64fbad215bff3e00f8ff08240568'}
{'name': 'hybrid_risc0_receipt_rs_hash', 'status': 'PASS', 'detail': 'a39dc51c2d25eae3d35ef47a4fd1cdf4718455308d16de5462155ae61670fb12'}
{'name': 'risc0_receipt_verify', 'status': 'FAIL', 'detail': 'verify_status=failed fresh_receipt_generated=false dev_mode=false mock_prover=false cache_used=false placeholder_image_id=false'}
