    Finished `test` profile [unoptimized + debuginfo] target(s) in 0.05s
     Running unittests src/lib.rs (<target>/debug/deps/anubis_compiler-41d9daaf4caff432)

running 1 test
test frontend::misplaced_authority_attribute_tests::research_mode_attribute_mapping_has_explicit_boundary ... ok

test result: ok. 1 passed; 0 failed; 0 ignored; 0 measured; 1049 filtered out; finished in 0.00s

     Running tests/closure_analysis_limit.rs (<target>/debug/deps/closure_analysis_limit-baf107946c9c3a34)

running 0 tests

test result: ok. 0 passed; 0 failed; 0 ignored; 0 measured; 4 filtered out; finished in 0.00s

     Running tests/ifc2_minmax.rs (<target>/debug/deps/ifc2_minmax-71b6bf79a2e858dd)

running 0 tests

test result: ok. 0 passed; 0 failed; 0 ignored; 0 measured; 24 filtered out; finished in 0.00s

     Running tests/ifc2_proof_commit_bool.rs (<target>/debug/deps/ifc2_proof_commit_bool-75b9df0ad09cfb48)

running 0 tests

test result: ok. 0 passed; 0 failed; 0 ignored; 0 measured; 7 filtered out; finished in 0.00s

     Running tests/match_expr_enum_contract.rs (<target>/debug/deps/match_expr_enum_contract-72032578f91e75a0)

running 0 tests

test result: ok. 0 passed; 0 failed; 0 ignored; 0 measured; 4 filtered out; finished in 0.00s

     Running tests/security_label_correspondence_observer.rs (<target>/debug/deps/security_label_correspondence_observer-a79c63def9a5f806)

running 0 tests

test result: ok. 0 passed; 0 failed; 0 ignored; 0 measured; 4 filtered out; finished in 0.00s
