   Compiling libc v0.2.186
   Compiling proc-macro2 v1.0.106
   Compiling quote v1.0.46
   Compiling unicode-ident v1.0.24
   Compiling cfg-if v1.0.4
   Compiling version_check v0.9.5
   Compiling syn v2.0.118
   Compiling serde_core v1.0.228
   Compiling generic-array v0.14.7
   Compiling typenum v1.20.1
   Compiling serde v1.0.228
   Compiling getrandom v0.3.4
   Compiling serde_derive v1.0.228
   Compiling once_cell v1.21.4
   Compiling autocfg v1.5.1
   Compiling semver v1.0.28
   Compiling rustc_version v0.4.1
   Compiling num-traits v0.2.19
   Compiling crypto-common v0.1.7
   Compiling block-buffer v0.10.4
   Compiling getrandom v0.4.3
   Compiling rustix v1.1.4
   Compiling zerocopy v0.8.52
   Compiling digest v0.10.7
   Compiling rand_core v0.9.5
   Compiling curve25519-dalek v4.1.3
   Compiling zmij v1.0.21
   Compiling linux-raw-sys v0.12.1
   Compiling hashbrown v0.17.1
   Compiling equivalent v1.0.2
   Compiling bitflags v2.13.0
   Compiling indexmap v2.14.0
   Compiling serde_spanned v0.6.9
   Compiling toml_datetime v0.6.11
   Compiling cpufeatures v0.2.17
   Compiling toml_write v0.1.2
   Compiling winnow v0.7.15
   Compiling fastrand v2.4.1
   Compiling anyhow v1.0.103
   Compiling serde_json v1.0.150
   Compiling yansi v1.0.1
   Compiling thiserror v1.0.69
   Compiling signature v2.2.0
   Compiling zeroize v1.9.0
   Compiling subtle v2.6.1
   Compiling ed25519 v2.2.3
   Compiling ppv-lite86 v0.2.21
   Compiling tempfile v3.27.0
   Compiling toml_edit v0.22.27
   Compiling sha2 v0.10.9
   Compiling tracing-core v0.1.36
   Compiling thiserror-impl v1.0.69
   Compiling tracing-attributes v0.1.31
   Compiling wait-timeout v0.2.1
   Compiling fnv v1.0.7
   Compiling bit-vec v0.8.0
   Compiling itoa v1.0.18
   Compiling iana-time-zone v0.1.65
   Compiling unicode-width v0.1.14
   Compiling pin-project-lite v0.2.17
   Compiling quick-error v1.2.3
   Compiling memchr v2.8.2
   Compiling rusty-fork v0.3.1
   Compiling tracing v0.1.44
   Compiling ariadne v0.4.1
   Compiling chrono v0.4.45
   Compiling bit-set v0.8.0
   Compiling toml v0.8.23
   Compiling ed25519-dalek v2.2.0
   Compiling rand_chacha v0.9.0
   Compiling rand v0.9.4
   Compiling rand_xorshift v0.4.0
   Compiling getrandom v0.2.17
   Compiling regex-syntax v0.8.11
   Compiling diff v0.1.13
   Compiling anubis-solver v0.1.0 (<checkout>/solver)
   Compiling hex v0.4.3
   Compiling unarray v0.1.4
   Compiling pretty_assertions v1.4.1
   Compiling proptest v1.11.0
   Compiling anubis-compiler v0.1.0 (<checkout>/compiler)
    Finished `test` profile [unoptimized + debuginfo] target(s) in 43.03s
     Running unittests src/lib.rs (<target>/debug/deps/anubis_compiler-41d9daaf4caff432)

running 26 tests
test resolve::captured::tests::captured_solver_stream_preserves_typed_refusals ... ok
test resolve::captured::tests::later_extensions_and_output_named_directories_are_resolved_from_capture ... ok
test resolve::captured::tests::captured_combine_keeps_imported_trait_sidecar ... ok
test resolve::captured::tests::chooses_existing_project_candidates_in_legacy_order_and_preserves_import_occurrences ... ok
test resolve::captured::tests::embedded_stdlib_ignores_project_shadow_file ... ok
test resolve::captured::tests::captured_project_reports_malformed_entry_and_import_by_module ... ok
test resolve::captured::tests::captured_combine_uses_saved_module_bytes_and_existing_call_rewrite ... ok
test resolve::captured::tests::captured_combine_refuses_ambiguous_trait_sidecars ... ok
test resolve::captured::tests::falls_back_to_mod_and_never_reopens_mutated_source ... ok
test resolve::captured::tests::prepared_project_refuses_pre_desugar_non_safe_trait_mode ... ok
test resolve::captured::tests::prepared_project_refuses_overridden_trait_default_in_import ... ok
test resolve::captured::tests::prepared_project_retains_collision_and_source_limit_refusals ... ok
test resolve::captured::tests::prepared_project_checks_and_lowers_the_saved_import_after_disk_mutation ... ok
test resolve::captured::tests::refuses_cycle_missing_module_and_invalid_utf8 ... ok
test resolve::captured::tests::retains_imported_trait_sidecar ... ok
test resolve::captured::tests::refuses_nested_imports_with_source_qualified_spans ... ok
test resolve::captured::tests::prepared_project_keeps_imported_trait_authority_through_check_and_lower ... ok
test resolve::captured::tests::same_byte_span_in_different_modules_has_distinct_source_identity ... ok
test resolve::captured::tests::refuses_local_enum_alias_unknown_std_and_small_limits ... ok
test resolve::captured::tests::refuses_alias_prefix_namespace_and_flat_function_collisions ... ok
test resolve::captured::tests::prepared_project_refuses_non_safe_mode_before_check_or_lower ... ok
test resolve::captured::tests::prepared_project_refuses_pre_desugar_trait_elevators_without_an_impl ... ok
test resolve::captured::tests::prepared_project_refuses_contract_expression_mode_elevators ... ok
test resolve::captured::tests::prepared_project_keeps_safe_acceptance_and_typed_typecheck_failure ... ok
test resolve::captured::tests::prepared_project_refuses_nested_and_imported_mode_elevators ... ok

thread 'resolve::captured::tests::prepared_project_refuses_every_overwritten_research_attribute_before_typecheck' (1967562) panicked at compiler/src/resolve/captured.rs:889:65:
called `Result::unwrap()` on an `Err` value: Parse { module: Project(PortablePath("main.anb")), message: "expected item; expected item; expected item; expected item; expected item; expected item" }
note: run with `RUST_BACKTRACE=1` environment variable to display a backtrace
test resolve::captured::tests::prepared_project_refuses_every_overwritten_research_attribute_before_typecheck ... FAILED

failures:

failures:
    resolve::captured::tests::prepared_project_refuses_every_overwritten_research_attribute_before_typecheck

test result: FAILED. 25 passed; 1 failed; 0 ignored; 0 measured; 1024 filtered out; finished in 0.01s

error: test failed, to rerun pass `-p anubis-compiler --lib`
