=== A15 GATE 10 FINAL PASS GATING EVIDENCE ===
RUN_STAMP: 20260705-2230
test -s guest.elf: YES
test -s image_id.txt: YES
test -s receipt.bin: YES
ImageID: 2727625676 432373589 1255522520 2670473446 550553379 177840409 511235906 3483898471
no placeholder image id: YES
{
  "backend": "risc0",
  "cache_used": false,
  "dev_mode": false,
  "fresh_receipt_generated": true,
  "guest_elf_sha256": "1cf5c59ae284bf33ea3bc31d470c59efb83bf04cfb58d6477252dd2217e9fe3c",
  "image_id": "2727625676 432373589 1255522520 2670473446 550553379 177840409 511235906 3483898471",
  "image_id_is_placeholder": false,
  "image_id_source": "extracted from risc0-build methods.rs after cargo build (real ELF)",
  "method_id_type": "risc0_image_id_u32x8",
  "methods_build_success": true,
  "mock_prover": false,
  "placeholder_image_id": false,
  "proof_detail": "child_success=true receipt_present=true image_id_valid=true elf_present=true; child_status=exit status: 0",
  "prover": "local-child",
  "receipt_generated_at": "2026-07-06T02:32:25.270587+00:00",
  "receipt_sha256": "14dcf7364ae6ff8f88feb42ac3cb27ba814548e66a25fe4ba63b484882110f4c",
  "receipt_verified_at": "2026-07-06T02:32:25.270587+00:00",
  "risc0_version": "3.0.5",
  "run_stamp": "2026-07-06T02:32:25.270587+00:00",
  "schema_version": "1.0",
  "verify_status": "passed"
}
jq fresh_receipt_generated == true: YES
jq cache_used == false: YES
jq dev_mode == false: YES
jq mock_prover == false: YES
jq verify_status == passed: YES
=== standalone verify-receipt ===
    Finished `release` profile [optimized] target(s) in 0.20s
warning: the following packages contain code that will be rejected by a future version of Rust: block v0.1.6
note: to see what the problems were, use the option `--future-incompat-report`, or run `cargo report future-incompatibilities --id 1`
     Running `target/release/anubis verify-receipt --receipt implementer/a_plus_audit_run/20260705-2230/gate10_final_pass/evidence_bundle/evidence-20260706-023225-safe/backend/risc0/receipt.bin --image-id implementer/a_plus_audit_run/20260705-2230/gate10_final_pass/evidence_bundle/evidence-20260706-023225-safe/backend/risc0/image_id.txt`
anubis verify-receipt --receipt implementer/a_plus_audit_run/20260705-2230/gate10_final_pass/evidence_bundle/evidence-20260706-023225-safe/backend/risc0/receipt.bin --image-id implementer/a_plus_audit_run/20260705-2230/gate10_final_pass/evidence_bundle/evidence-20260706-023225-safe/backend/risc0/image_id.txt
receipt.verify(ANUBIS_ID) PASSED (real RISC0 API path: risc0_zkvm::Receipt::verify)
=== schema ===
Schema checking bundle layout in: implementer/a_plus_audit_run/20260705-2230/gate10_final_pass/evidence_bundle/evidence-20260706-023225-safe
  present: hir.json
  present: mir.json
  present: solver.json
  present: source-tree.json
  taint analysis present
  evidence.json has required top keys per schema
check_evidence_schema.sh: PASS for layout on implementer/a_plus_audit_run/20260705-2230/gate10_final_pass/evidence_bundle/evidence-20260706-023225-safe
=== verify_bundle ===
Verifying bundle: implementer/a_plus_audit_run/20260705-2230/gate10_final_pass/evidence_bundle/evidence-20260706-023225-safe
  manifest.json present (preferred for v1)
error: unexpected argument '.' found

Usage: anubis-cli verify --key <KEY> --input <INPUT> --signature <SIGNATURE>

For more information, try '--help'.
  WARN: internal validate.sh had issues (may be PATH or CLI version); continuing with manifest/verdict checks
Bundle structure and basic hashes OK. Verdict from manifest:
PASS
verify_bundle.sh: SUCCESS for implementer/a_plus_audit_run/20260705-2230/gate10_final_pass/evidence_bundle/evidence-20260706-023225-safe
=== tamper tests (strict) ===
ERROR: tamper not detected for receipt.bin
ERROR: tamper not detected for image_id.txt
ERROR: tamper not detected for guest.elf
ERROR: tamper not detected for risc0_metadata.json
ERROR: tamper not detected for receipt.verify.log
=== fmt/test/clippy logs already captured ===
=== RE-RUN TAMPER WITH EXPLICIT RC (fix pipe status) ===
Verifying bundle: /tmp/a15_tampered/evidence-20260706-023225-safe
  manifest.json present (preferred for v1)
TAMPER: backend/risc0/receipt.bin hash mismatch
tamper correctly detected for receipt.bin (RC=1)
Verifying bundle: /tmp/a15_tampered/evidence-20260706-023225-safe
  manifest.json present (preferred for v1)
TAMPER: backend/risc0/image_id.txt hash mismatch
tamper correctly detected for image_id.txt (RC=1)
Verifying bundle: /tmp/a15_tampered/evidence-20260706-023225-safe
  manifest.json present (preferred for v1)
TAMPER: backend/risc0/guest.elf hash mismatch
tamper correctly detected for guest.elf (RC=1)
Verifying bundle: /tmp/a15_tampered/evidence-20260706-023225-safe
  manifest.json present (preferred for v1)
TAMPER: risc0_metadata.json hash mismatch
tamper correctly detected for risc0_metadata.json (RC=1)
Verifying bundle: /tmp/a15_tampered/evidence-20260706-023225-safe
  manifest.json present (preferred for v1)
TAMPER: backend/risc0/receipt.verify.log hash mismatch
tamper correctly detected for receipt.verify.log (RC=1)
