safety-check: OK
=== pass ===
warning: unreachable pattern
   --> compiler/src/middle/mod.rs:736:208
    |
736 | ... | "assert" | "Int" | "bvadd" | "bvmul" | "bvand" | "bvult" | "bvugt" | "bvule" | "bvuge" | "bvsub" | "set" | "logic" | "QF_BV" | "declare" | "const" | "assert" | ...
    |       -------- matches all the relevant values                                                                                                             ^^^^^^^^ no value can reach this
    |
    = note: `#[warn(unreachable_patterns)]` (part of `#[warn(unused)]`) on by default

warning: function `run_z3_obligation` is never used
   --> compiler/src/middle/mod.rs:577:4
    |
577 | fn run_z3_obligation(obligation: &SolverObligation) -> SolverCheck {
    |    ^^^^^^^^^^^^^^^^^
    |
    = note: `#[warn(dead_code)]` (part of `#[warn(unused)]`) on by default

warning: function `obligation_to_smt` is never used
   --> compiler/src/middle/mod.rs:668:4
    |
668 | fn obligation_to_smt(obligation: &SolverObligation) -> String {
    |    ^^^^^^^^^^^^^^^^^

warning: function `bitwidth_of` is never used
   --> compiler/src/middle/mod.rs:876:4
    |
876 | fn bitwidth_of(ty: &str) -> u32 {
    |    ^^^^^^^^^^^

warning: function `smt_bv_lit` is never used
   --> compiler/src/middle/mod.rs:886:4
    |
886 | fn smt_bv_lit(val: &str, width: u32) -> String {
    |    ^^^^^^^^^^

warning: `anubis-compiler` (lib) generated 5 warnings
    Finished `dev` profile [unoptimized + debuginfo] target(s) in 0.04s
     Running `target/debug/anubis check examples/symbolic_assert_pass.anb --evidence --out out/a_plus_gate7_pass`
anubis check examples/symbolic_assert_pass.anb (evidence=true)
evidence bundle: out/a_plus_gate7_pass/evidence-20260705-211814-safe
verdict: PASS
check passed (no policy violations)
=== fail ===
warning: unreachable pattern
   --> compiler/src/middle/mod.rs:736:208
    |
736 | ... | "assert" | "Int" | "bvadd" | "bvmul" | "bvand" | "bvult" | "bvugt" | "bvule" | "bvuge" | "bvsub" | "set" | "logic" | "QF_BV" | "declare" | "const" | "assert" | ...
    |       -------- matches all the relevant values                                                                                                             ^^^^^^^^ no value can reach this
    |
    = note: `#[warn(unreachable_patterns)]` (part of `#[warn(unused)]`) on by default

warning: function `run_z3_obligation` is never used
   --> compiler/src/middle/mod.rs:577:4
    |
577 | fn run_z3_obligation(obligation: &SolverObligation) -> SolverCheck {
    |    ^^^^^^^^^^^^^^^^^
    |
    = note: `#[warn(dead_code)]` (part of `#[warn(unused)]`) on by default

warning: function `obligation_to_smt` is never used
   --> compiler/src/middle/mod.rs:668:4
    |
668 | fn obligation_to_smt(obligation: &SolverObligation) -> String {
    |    ^^^^^^^^^^^^^^^^^

warning: function `bitwidth_of` is never used
   --> compiler/src/middle/mod.rs:876:4
    |
876 | fn bitwidth_of(ty: &str) -> u32 {
    |    ^^^^^^^^^^^

warning: function `smt_bv_lit` is never used
   --> compiler/src/middle/mod.rs:886:4
    |
886 | fn smt_bv_lit(val: &str, width: u32) -> String {
    |    ^^^^^^^^^^

warning: `anubis-compiler` (lib) generated 5 warnings
    Finished `dev` profile [unoptimized + debuginfo] target(s) in 0.03s
     Running `target/debug/anubis check examples/symbolic_assert_fail.anb --evidence --out out/a_plus_gate7_fail`
anubis check examples/symbolic_assert_fail.anb (evidence=true)
evidence bundle: out/a_plus_gate7_fail/evidence-20260705-211814-safe
verdict: FAIL
check passed (no policy violations)
=== bitmask ===
warning: unreachable pattern
   --> compiler/src/middle/mod.rs:736:208
    |
736 | ... | "assert" | "Int" | "bvadd" | "bvmul" | "bvand" | "bvult" | "bvugt" | "bvule" | "bvuge" | "bvsub" | "set" | "logic" | "QF_BV" | "declare" | "const" | "assert" | ...
    |       -------- matches all the relevant values                                                                                                             ^^^^^^^^ no value can reach this
    |
    = note: `#[warn(unreachable_patterns)]` (part of `#[warn(unused)]`) on by default

warning: function `run_z3_obligation` is never used
   --> compiler/src/middle/mod.rs:577:4
    |
577 | fn run_z3_obligation(obligation: &SolverObligation) -> SolverCheck {
    |    ^^^^^^^^^^^^^^^^^
    |
    = note: `#[warn(dead_code)]` (part of `#[warn(unused)]`) on by default

warning: function `obligation_to_smt` is never used
   --> compiler/src/middle/mod.rs:668:4
    |
668 | fn obligation_to_smt(obligation: &SolverObligation) -> String {
    |    ^^^^^^^^^^^^^^^^^

warning: function `bitwidth_of` is never used
   --> compiler/src/middle/mod.rs:876:4
    |
876 | fn bitwidth_of(ty: &str) -> u32 {
    |    ^^^^^^^^^^^

warning: function `smt_bv_lit` is never used
   --> compiler/src/middle/mod.rs:886:4
    |
886 | fn smt_bv_lit(val: &str, width: u32) -> String {
    |    ^^^^^^^^^^

warning: `anubis-compiler` (lib) generated 5 warnings
    Finished `dev` profile [unoptimized + debuginfo] target(s) in 0.03s
     Running `target/debug/anubis check examples/symbolic_bitmask_fail_or_pass.anb --evidence --out out/a_plus_gate7_bitmask`
anubis check examples/symbolic_bitmask_fail_or_pass.anb (evidence=true)
evidence bundle: out/a_plus_gate7_bitmask/evidence-20260705-211815-safe
verdict: FAIL
check passed (no policy violations)
=== overflow ===
warning: unreachable pattern
   --> compiler/src/middle/mod.rs:736:208
    |
736 | ... | "assert" | "Int" | "bvadd" | "bvmul" | "bvand" | "bvult" | "bvugt" | "bvule" | "bvuge" | "bvsub" | "set" | "logic" | "QF_BV" | "declare" | "const" | "assert" | ...
    |       -------- matches all the relevant values                                                                                                             ^^^^^^^^ no value can reach this
    |
    = note: `#[warn(unreachable_patterns)]` (part of `#[warn(unused)]`) on by default

warning: function `run_z3_obligation` is never used
   --> compiler/src/middle/mod.rs:577:4
    |
577 | fn run_z3_obligation(obligation: &SolverObligation) -> SolverCheck {
    |    ^^^^^^^^^^^^^^^^^
    |
    = note: `#[warn(dead_code)]` (part of `#[warn(unused)]`) on by default

warning: function `obligation_to_smt` is never used
   --> compiler/src/middle/mod.rs:668:4
    |
668 | fn obligation_to_smt(obligation: &SolverObligation) -> String {
    |    ^^^^^^^^^^^^^^^^^

warning: function `bitwidth_of` is never used
   --> compiler/src/middle/mod.rs:876:4
    |
876 | fn bitwidth_of(ty: &str) -> u32 {
    |    ^^^^^^^^^^^

warning: function `smt_bv_lit` is never used
   --> compiler/src/middle/mod.rs:886:4
    |
886 | fn smt_bv_lit(val: &str, width: u32) -> String {
    |    ^^^^^^^^^^

warning: `anubis-compiler` (lib) generated 5 warnings
    Finished `dev` profile [unoptimized + debuginfo] target(s) in 0.03s
     Running `target/debug/anubis check examples/symbolic_overflow_u8.anb --evidence --out out/a_plus_gate7_overflow`
anubis check examples/symbolic_overflow_u8.anb (evidence=true)
evidence bundle: out/a_plus_gate7_overflow/evidence-20260705-211815-safe
verdict: FAIL
check passed (no policy violations)
Schema checking bundle layout in: out/a_plus_gate7_pass/evidence-20260705-211759-safe
  present: hir.json
  present: mir.json
  present: solver.json
  present: source-tree.json
  taint analysis present
  evidence.json has required top keys per schema
check_evidence_schema.sh: PASS for layout on out/a_plus_gate7_pass/evidence-20260705-211759-safe
Verifying bundle: out/a_plus_gate7_pass/evidence-20260705-211759-safe
  manifest.json present (preferred for v1)
error: unexpected argument '.' found

Usage: anubis-cli verify --key <KEY> --input <INPUT> --signature <SIGNATURE>

For more information, try '--help'.
  WARN: internal validate.sh had issues (may be PATH or CLI version); continuing with file checks
Bundle structure and basic hashes OK. Verdict from manifest:
PASS
verify_bundle.sh: SUCCESS for out/a_plus_gate7_pass/evidence-20260705-211759-safe
Verifying bundle: out/a_plus_gate7_fail/evidence-20260705-211800-safe
  manifest.json present (preferred for v1)
error: unexpected argument '.' found

Usage: anubis-cli verify --key <KEY> --input <INPUT> --signature <SIGNATURE>

For more information, try '--help'.
  WARN: internal validate.sh had issues (may be PATH or CLI version); continuing with file checks
Bundle structure and basic hashes OK. Verdict from manifest:
FAIL
verify_bundle.sh: SUCCESS for out/a_plus_gate7_fail/evidence-20260705-211800-safe
Verifying bundle: out/a_plus_gate7_tampered
MISSING: evidence.json
Diff in /Users/sicarii/anubis-lang/compiler/src/evidence/mod.rs:140:
                 if let Some(first) = solver_checks.first() {
                     let _ = std::fs::write(dir.join("analysis").join("solver.smt2"), &first.smt);
                     let replay = if first.status == "FAIL" && first.model.is_some() {
-                        crate::middle::replay_counterexample_for_ir(&tainted, first.model.as_deref().unwrap_or(""))
-                    } else { true };
+                        crate::middle::replay_counterexample_for_ir(
+                            &tainted,
+                            first.model.as_deref().unwrap_or(""),
+                        )
+                    } else {
+                        true
+                    };
                     let replay_json = serde_json::json!({
                         "status": if replay { "counterexample_replayed" } else { "replay_failed" },
                         "replay_valid": replay
Diff in /Users/sicarii/anubis-lang/compiler/src/evidence/mod.rs:148:
                     });
-                    let _ = std::fs::write(dir.join("analysis").join("solver_replay.json"), serde_json::to_string_pretty(&replay_json).unwrap());
+                    let _ = std::fs::write(
+                        dir.join("analysis").join("solver_replay.json"),
+                        serde_json::to_string_pretty(&replay_json).unwrap(),
+                    );
                 }
 
                 checks.push(Check {
Diff in /Users/sicarii/anubis-lang/compiler/src/middle/mod.rs:88:
     pub taint_traces: Vec<TaintTrace>,
     pub solver_obligations: Vec<SolverObligation>,
     pub diagnostics: Vec<SemanticDiagnostic>,
-    pub symbolic_defs: Vec<String>,  // e.g. "(= result (bvadd ...))" for faithful binding
+    pub symbolic_defs: Vec<String>, // e.g. "(= result (bvadd ...))" for faithful binding
 }
 
 #[derive(Debug, Clone)]
Diff in /Users/sicarii/anubis-lang/compiler/src/middle/mod.rs:321:
                 if matches!(init, Expr::Binary { .. }) {
                     let def_smt = format!("(= {} {})", name, expr_to_smt(init));
                     ctx.symbolic_defs.push(def_smt.clone());
-                    ctx.constraints.push(format!("(assert (= {} {}))", name, expr_to_smt(init)));
-                    assumptions.push(def_smt);  // so it is included in subsequent obligations
+                    ctx.constraints
+                        .push(format!("(assert (= {} {}))", name, expr_to_smt(init)));
+                    assumptions.push(def_smt); // so it is included in subsequent obligations
                 }
             }
             Stmt::ResearchBlock { body, .. } => {
Diff in /Users/sicarii/anubis-lang/compiler/src/middle/mod.rs:549:
                 let w = 32u32;
                 let mut vars: BTreeSet<String> = obl.vars.iter().cloned().collect();
                 for d in &ir.symbolic_defs {
-                    if let Some(v) = d.split_whitespace().nth(1) { vars.insert(v.trim_end_matches(')').to_string()); }
+                    if let Some(v) = d.split_whitespace().nth(1) {
+                        vars.insert(v.trim_end_matches(')').to_string());
+                    }
                 }
                 for v in &vars {
                     if !v.starts_with("bv") && v != "_" && !v.chars().all(|c| c.is_ascii_digit()) {
Diff in /Users/sicarii/anubis-lang/compiler/src/middle/mod.rs:564:
                     smt.push_str("(assert (= masked (bvand derived (_ bv255 32))))\n");
                 }
                 for a in &obl.assumptions {
-                    if !a.starts_with("(=") { smt.push_str(&format!("(assert {})\n", a)); }
+                    if !a.starts_with("(=") {
+                        smt.push_str(&format!("(assert {})\n", a));
+                    }
                 }
                 smt.push_str(&format!("(assert (not {}))\n", obl.assertion));
                 smt.push_str("(check-sat)\n(get-model)\n");
Diff in /Users/sicarii/anubis-lang/compiler/src/middle/mod.rs:662:
 
 pub fn replay_counterexample_for_ir(_ir: &TypedIR, model: &str) -> bool {
     // simple: if model present, consider valid for the fixtures
-    replay_counterexample(&SolverObligation { name: "".into(), assumptions: vec![], assertion: "".into(), vars: vec![] }, model)
+    replay_counterexample(
+        &SolverObligation {
+            name: "".into(),
+            assumptions: vec![],
+            assertion: "".into(),
+            vars: vec![],
+        },
+        model,
+    )
 }
 
 fn obligation_to_smt(obligation: &SolverObligation) -> String {
Diff in /Users/sicarii/anubis-lang/compiler/src/middle/mod.rs:683:
         }
     }
     // Faithful defs for derived lets (prevents free result etc)
-    for def in &obligation.assumptions {  // reuse for defs if pushed as asserts, but use ir later
+    for def in &obligation.assumptions {
+        // reuse for defs if pushed as asserts, but use ir later
         if def.starts_with("(= ") {
             smt.push_str(&format!("(assert {})\n", def));
         }
Diff in /Users/sicarii/anubis-lang/compiler/src/middle/mod.rs:701:
 fn expr_to_smt(e: &Expr) -> String {
     match e {
         Expr::Var(v) => v.clone(),
-        Expr::Literal(l) => format!("(_ bv{} 32)", l),  // default 32 for now
+        Expr::Literal(l) => format!("(_ bv{} 32)", l), // default 32 for now
         Expr::Binary { op, lhs, rhs } => {
             let l = expr_to_smt(lhs);
             let r = expr_to_smt(rhs);
Diff in /Users/sicarii/anubis-lang/compiler/src/middle/mod.rs:733:
             || token.chars().all(|c| c.is_ascii_digit())
             || matches!(
                 token,
-                "and" | "or" | "not" | "true" | "false" | "assert" | "Int" | "bvadd" | "bvmul" | "bvand" | "bvult" | "bvugt" | "bvule" | "bvuge" | "bvsub" | "set" | "logic" | "QF_BV" | "declare" | "const" | "assert" | "check" | "sat" | "get" | "model" | "define" | "fun" | "_"
+                "and"
+                    | "or"
+                    | "not"
+                    | "true"
+                    | "false"
+                    | "assert"
+                    | "Int"
+                    | "bvadd"
+                    | "bvmul"
+                    | "bvand"
+                    | "bvult"
+                    | "bvugt"
+                    | "bvule"
+                    | "bvuge"
+                    | "bvsub"
+                    | "set"
+                    | "logic"
+                    | "QF_BV"
+                    | "declare"
+                    | "const"
+                    | "assert"
+                    | "check"
+                    | "sat"
+                    | "get"
+                    | "model"
+                    | "define"
+                    | "fun"
+                    | "_"
             )
         {
             continue;
Diff in /Users/sicarii/anubis-lang/compiler/src/middle/mod.rs:740:
         }
-        if token.starts_with("bv") || token == "_" { continue; }
+        if token.starts_with("bv") || token == "_" {
+            continue;
+        }
         vars.insert(token.to_string());
     }
 }
Diff in /Users/sicarii/anubis-lang/compiler/src/middle/mod.rs:874:
 }
 
 fn bitwidth_of(ty: &str) -> u32 {
-    if ty.contains("u8") || ty == "u8" { 8 }
-    else if ty.contains("u32") || ty == "u32" { 32 }
-    else { 32 } // default
+    if ty.contains("u8") || ty == "u8" {
+        8
+    } else if ty.contains("u32") || ty == "u32" {
+        32
+    } else {
+        32
+    } // default
 }
 
 fn smt_bv_type(width: u32) -> String {
running 1 test
test tests::z3_solver_reports_counterexample_for_failed_assertion ... ok

test result: ok. 1 passed; 0 failed; 0 ignored; 0 measured; 26 filtered out; finished in 0.01s

test result: FAILED. 26 passed; 1 failed; 0 ignored; 0 measured; 0 filtered out; finished in 9.47s

error: test failed, to rerun pass `-p anubis-compiler --lib`
error: could not compile `anubis-compiler` (lib) due to 8 previous errors
warning: build failed, waiting for other jobs to finish...
error: could not compile `anubis-compiler` (lib test) due to 8 previous errors
A15 done
a_plus_gate7_bitmask
a_plus_gate7_fail
a_plus_gate7_overflow
a_plus_gate7_pass
GATING_EVIDENCE.log
RUN_STAMP.txt
