r2ctl_L01_int_literal_patterns_collide_in_f64: new_rc=0 (0.02s) lanes_rc=0 runner=NEW same=False
r2ctl_L02_select_ignores_struct_field_order: new_rc=0 (0.01s) lanes_rc=0 runner=NEW same=False
r2ctl_L03_select_ignores_map_key_order: new_rc=0 (0.01s) lanes_rc=0 runner=NEW same=False
r2ctl_L04_select_equal_maybe_fields_not_same_shape: new_rc=0 (0.01s) lanes_rc=0 runner=NEW same=False
r2ctl_L05_select_equal_maybe_keys_map: new_rc=0 (0.01s) lanes_rc=0 runner=NEW same=False
r2ctl_L06_method_narrowing_drops_maybe_fields: new_rc=0 (0.01s) lanes_rc=0 runner=NEW same=False
r2ctl_L07_whilelet_scrutinee_continue_does_not_lift_next_header: new_rc=0 (0.01s) lanes_rc=0 runner=NEW same=False
r2ctl_L08_panic_under_secret_pc_not_egress: new_rc=0 (0.01s) lanes_rc=0 runner=NEW same=False
r2ctl_L09_exit_status_under_secret_pc_not_egress: new_rc=0 (0.01s) lanes_rc=0 runner=NEW same=False
r2ctl_O01_same_shape_assignment_under_secret_raises_tag: new_rc=1 (0.01s) lanes_rc=0 runner=whole10 same=True
r2ctl_O02_distinct_float_literal_patterns_not_disjoint: new_rc=1 (0.01s) lanes_rc=0 runner=whole10 same=True
r2ctl_O03_early_return_same_shape_raises_tag: new_rc=1 (0.02s) lanes_rc=0 runner=whole10 same=True
r2ctl_O04_select_of_compositions_raises_every_stage: new_rc=1 (0.02s) lanes_rc=0 runner=whole10 same=True
r2v_01_select_map_insertion_order: new_rc=0 (0.02s) lanes_rc=0 runner=NEW same=False
r2v_02_select_struct_field_order: new_rc=0 (0.01s) lanes_rc=0 runner=NEW same=False
r2v_03_select_maybe_keys_map: new_rc=0 (0.01s) lanes_rc=0 runner=NEW same=False
r2v_04_select_maybe_fields_struct: new_rc=0 (0.02s) lanes_rc=0 runner=NEW same=False
r2v_05_nested_write_into_missing_key_makes_it_present: new_rc=0 (0.02s) lanes_rc=0 runner=NEW same=False
r2v_06_nested_write_into_missing_field_makes_it_present: new_rc=0 (0.01s) lanes_rc=0 runner=NEW same=False
r2v_07_remove_computed_key_keeps_known_keys_present: new_rc=0 (0.01s) lanes_rc=0 runner=NEW same=False
r2v_08_merge_drops_first_map_value_when_second_key_maybe: new_rc=0 (0.02s) lanes_rc=0 runner=NEW same=False
r2v_09_pattern_decision_top_skips_concrete_parts: new_rc=0 (0.02s) lanes_rc=0 runner=NEW same=False
r2v_10_join_enum_different_field_sets_drops_names: new_rc=0 (0.02s) lanes_rc=0 runner=NEW same=False
r2v_11_remove_trap_message_prints_key_and_index: new_rc=0 (0.01s) lanes_rc=0 runner=NEW same=False
r2v_12_state_merge_push_on_both_branches: new_rc=1 (0.01s) lanes_rc=0 runner=whole10 same=True
r2v_13_state_merge_same_key_added_on_both_branches: new_rc=1 (0.02s) lanes_rc=0 runner=whole10 same=True
r2v_14_state_merge_reassign_same_length: new_rc=1 (0.01s) lanes_rc=0 runner=whole10 same=True
r2v_15_early_return_same_shape_raised: new_rc=1 (0.02s) lanes_rc=0 runner=whole10 same=True
r2v_16_enum_variant_literal_order_join_over_refusal: new_rc=1 (0.01s) lanes_rc=0 runner=whole10 same=True
r2v_17_computed_key_rewrite_of_existing_keys: new_rc=1 (0.01s) lanes_rc=0 runner=whole10 same=True
r2v_18_shared_list_dag_exponential_memory: new_rc=-9 (6.11s) lanes_rc=0 runner=NEW same=None
r2_fn_L1_min_by_max_by_callback_argument: new_rc=0 (0.02s) lanes_rc=0 runner=NEW same=False
r2_fn_L2_map_insertion_order_not_modelled_in_select: new_rc=0 (0.02s) lanes_rc=0 runner=NEW same=False
r2_fn_L3_struct_literal_field_order_not_modelled_in_select: new_rc=0 (0.02s) lanes_rc=0 runner=NEW same=False
r2_fn_L4_panic_and_exit_under_secret_pc_not_refused: new_rc=0 (0.02s) lanes_rc=0 runner=NEW same=False
r2_fn_O1_recursive_hof_summary_merges_closure_captures: new_rc=1 (0.02s) lanes_rc=0 runner=whole10 same=True
r2_fn_O2_context_budget_summary_merges_closure_captures: new_rc=1 (0.01s) lanes_rc=0 runner=whole10 same=True
r2_fn_O3_closure_summary_reach_label_merges_secret_reaching_pipelines: new_rc=1 (0.01s) lanes_rc=0 runner=whole10 same=True
r2_fn_O4_nested_compose_becomes_unordered_chain_at_call_widening: new_rc=1 (0.01s) lanes_rc=0 runner=whole10 same=True
r2_fn_O5_chain_joins_component_labels_into_every_stage_pc: new_rc=1 (0.02s) lanes_rc=0 runner=whole10 same=True
r2_fn_O6_apply_non_list_argument_runs_callback_under_scalar_content: new_rc=1 (0.01s) lanes_rc=0 runner=whole10 same=True
r2_fn_O7_recursive_walk_folds_records_at_summary_depth_4: new_rc=1 (0.03s) lanes_rc=1 runner=whole10 same=True
r2_fn_R1_parser_combinators_on_secret_input_hit_step_budget: new_rc=1 (1.36s) lanes_rc=0 runner=whole10 same=True
r2_fn_R2_mutual_recursion_with_closure_args_42s_then_work_budget: new_rc=1 (42.75s) lanes_rc=0 runner=whole10 same=True
r2p_01_select_ignores_runtime_order: new_rc=0 (0.02s) lanes_rc=0 runner=NEW same=False
r2p_02_select_equal_maybe_sets_same_shape: new_rc=0 (0.01s) lanes_rc=0 runner=NEW same=False
r2p_03_set_path_nested_write_marks_missing_key_present: new_rc=0 (0.02s) lanes_rc=0 runner=NEW same=False
r2p_04_merge_drops_first_map_value_for_maybe_key: new_rc=0 (0.01s) lanes_rc=0 runner=NEW same=False
r2p_05_remove_by_computed_key_keeps_keys_present: new_rc=0 (0.02s) lanes_rc=0 runner=NEW same=False
r2p_06_min_by_max_by_callback_args_decided_by_results: new_rc=0 (0.01s) lanes_rc=0 runner=NEW same=False
r2p_07_stdin_cursor_is_an_unmodelled_store: new_rc=0 (0.02s) lanes_rc=0 runner=NEW same=False
r2p_08_write_file_to_device_path_is_egress: new_rc=0 (0.01s) lanes_rc=0 runner=NEW same=False
r2p_09_panic_exit_under_secret_pc_not_refused: new_rc=0 (0.01s) lanes_rc=0 runner=NEW same=False
r2p_10_try_on_empty_payload_gives_bottom: new_rc=0 (0.02s) lanes_rc=0 runner=NEW same=False
r2p_11_join_enum_drops_runtime_default_for_short_payload: new_rc=0 (0.02s) lanes_rc=0 runner=NEW same=False
r2p_12_struct_string_index_ignores_maybe_field: new_rc=0 (0.01s) lanes_rc=0 runner=NEW same=False
r2p_13_proof_commit_bool_result_modelled_as_argument: new_rc=0 (0.02s) lanes_rc=0 runner=NEW same=False
r2p_14_remove_trap_message_prints_index_length_key: new_rc=0 (0.01s) lanes_rc=0 runner=NEW same=False
r2p_15_crypto_trap_messages_print_operands: new_rc=0 (0.02s) lanes_rc=0 runner=NEW same=False
r2p_16_builtin_value_arity_trap_prints_argument_count: new_rc=0 (0.02s) lanes_rc=0 runner=NEW same=False
r2p_17_poc_kit_trap_messages_print_operands: new_rc=0 (0.02s) lanes_rc=0 runner=NEW same=False
r2p_18_bool_int_of_collection_use_content: new_rc=1 (0.01s) lanes_rc=0 runner=whole10 same=True
r2p_19_files_store_is_global_and_flow_insensitive: new_rc=1 (0.02s) lanes_rc=0 runner=whole10 same=True
ROB-1-nested-summary-fixpoint-precedence-parser: new_rc=1 (1.00s) lanes_rc=0 runner=whole10 same=None
ROB-2-oo-evaluator-method-dispatch-limit: new_rc=1 (2.19s) lanes_rc=0 runner=whole10 same=True
OR-1-file-store-single-label: new_rc=1 (0.02s) lanes_rc=0 runner=whole10 same=True
OR-2-loop-built-tree-fold-mixes-payload: new_rc=1 (0.03s) lanes_rc=0 runner=whole10 same=True
OR-3-recursion-summary-fold-depth4: new_rc=1 (0.02s) lanes_rc=0 runner=whole10 same=True
OR-4-kind-label-of-secret-scalar: new_rc=1 (0.02s) lanes_rc=0 runner=whole10 same=True
OR-5-container-shape-label-taints-present-key-reads: new_rc=1 (0.01s) lanes_rc=1 runner=None same=None
OR-6-closure-summary-reach-label-merges-pipelines: new_rc=1 (0.01s) lanes_rc=1 runner=whole10 same=True
OR-7-summary-context-after-12-merges-all-secret-rows: new_rc=1 (0.02s) lanes_rc=1 runner=None same=None
OR-9-struct-variant-field-order-join-mixes-all-fields: new_rc=1 (0.02s) lanes_rc=1 runner=None same=None
OR-8-max-nodes-collapse-merges-map-literal-keys: new_rc=1 (0.01s) lanes_rc=1 runner=None same=None
r2ctl_R01_shift_register_hits_loop_limit: new_rc=1 (0.02s) lanes_rc=0 runner=whole10 same=False
