    Updating crates.io index
 Downloading crates ...
  Downloaded bytemuck_derive v1.10.2
  Downloaded addchain v0.2.1
  Downloaded byteorder v1.5.0
  Downloaded bytemuck v1.25.0
  Downloaded crypto-common v0.1.7
  Downloaded derive_builder_macro v0.20.2
  Downloaded dirs-sys v0.5.0
  Downloaded clap_lex v1.1.0
  Downloaded cfg_aliases v0.2.1
  Downloaded cobs v0.3.0
  Downloaded cpufeatures v0.2.17
  Downloaded darling_macro v0.23.0
  Downloaded hashbrown v0.15.5
  Downloaded cargo-platform v0.1.9
  Downloaded funty v2.0.0
  Downloaded crossbeam-deque v0.8.7
  Downloaded bytes v1.12.0
  Downloaded futures-sink v0.3.32
  Downloaded rand_chacha v0.3.1
  Downloaded form_urlencoded v1.2.2
  Downloaded fnv v1.0.7
  Downloaded futures-macro v0.3.32
  Downloaded generic-array v0.14.7
  Downloaded rawpointer v0.2.1
  Downloaded risc0-build-kernel v2.0.1
  Downloaded embedded-io v0.4.0
  Downloaded cfg-if v1.0.4
  Downloaded dirs v6.0.0
  Downloaded futures-core v0.3.32
  Downloaded enum-ordinalize-derive v4.4.1
  Downloaded enum-map-derive v0.17.0
  Downloaded errno v0.3.14
  Downloaded futures-task v0.3.32
  Downloaded hash32 v0.2.1
  Downloaded ff_derive v0.13.1
  Downloaded enum-ordinalize v4.4.1
  Downloaded rand_pcg v0.10.2
  Downloaded rand_xorshift v0.4.0
  Downloaded ref-cast-impl v1.0.25
  Downloaded ghash v0.5.1
  Downloaded radium v0.7.0
  Downloaded colorchoice v1.0.5
  Downloaded darling_macro v0.20.11
  Downloaded docker-generate v0.1.3
  Downloaded downcast-rs v1.2.1
  Downloaded embedded-io v0.6.1
  Downloaded cargo_metadata v0.19.2
  Downloaded cipher v0.4.4
  Downloaded ctr v0.9.2
  Downloaded enum-map v2.7.3
  Downloaded erased-serde v0.4.10
  Downloaded fastrand v2.4.1
  Downloaded foldhash v0.1.5
  Downloaded futures-executor v0.3.32
  Downloaded crc32fast v1.5.0
  Downloaded risc0-core v3.0.1
  Downloaded equivalent v1.0.2
  Downloaded heck v0.5.0
  Downloaded hex v0.4.3
  Downloaded ruint-macro v1.2.1
  Downloaded digest v0.10.7
  Downloaded directories v6.0.0
  Downloaded displaydoc v0.2.6
  Downloaded downloader v0.2.8
  Downloaded dyn-clone v1.0.20
  Downloaded ed25519 v2.2.3
  Downloaded either v1.16.0
  Downloaded ff v0.13.1
  Downloaded find-msvc-tools v0.1.9
  Downloaded futures-io v0.3.32
  Downloaded time-core v0.1.9
  Downloaded camino v1.2.4
  Downloaded chacha20 v0.10.1
  Downloaded const-oid v0.9.6
  Downloaded crossbeam-epoch v0.9.20
  Downloaded deranged v0.5.8
  Downloaded glob v0.3.3
  Downloaded rand_chacha v0.9.0
  Downloaded rand_core v0.10.1
  Downloaded ref-cast v1.0.25
  Downloaded rand_core v0.6.4
  Downloaded getrandom v0.2.17
  Downloaded bonsai-sdk v1.4.2
  Downloaded clap v4.6.1
  Downloaded clap_derive v4.6.1
  Downloaded crossbeam-utils v0.8.22
  Downloaded darling v0.20.11
  Downloaded darling v0.23.0
  Downloaded derivative v2.2.0
  Downloaded derive_builder v0.20.2
  Downloaded duplicate v2.0.1
  Downloaded fallible-iterator v0.3.0
  Downloaded futures-channel v0.3.32
  Downloaded futures v0.3.32
  Downloaded gdbstub_arch v0.3.3
  Downloaded getrandom v0.3.4
  Downloaded getrandom v0.4.3
  Downloaded inout v0.1.4
  Downloaded itoa v1.0.18
  Downloaded darling_core v0.20.11
  Downloaded derive_builder_core v0.20.2
  Downloaded educe v0.6.0
  Downloaded httparse v1.10.1
  Downloaded jobserver v0.1.35
  Downloaded lock_api v0.4.14
  Downloaded no_std_strings v0.1.3
  Downloaded cpp_demangle v0.4.5
  Downloaded darling_core v0.23.0
  Downloaded powerfmt v0.2.0
  Downloaded serde_urlencoded v0.7.1
  Downloaded strsim v0.11.1
  Downloaded tinyvec_macros v0.1.1
  Downloaded der v0.7.10
  Downloaded derive_more v2.1.1
  Downloaded flate2 v1.1.9
  Downloaded litemap v0.8.2
  Downloaded pem v3.0.6
  Downloaded pin-project-lite v0.2.17
  Downloaded prost-derive v0.13.5
  Downloaded puffin v0.19.1
  Downloaded quinn v0.11.11
  Downloaded quinn-udp v0.5.15
  Downloaded version_check v0.9.5
  Downloaded bumpalo v3.20.3
  Downloaded cc v1.2.65
  Downloaded derive_more-impl v2.1.1
  Downloaded ed25519-dalek v2.2.0
  Downloaded elf v0.7.4
  Downloaded hashbrown v0.12.3
  Downloaded icu_locale_core v2.2.0
  Downloaded icu_normalizer v2.2.0
  Downloaded icu_normalizer_data v2.2.0
  Downloaded num-traits v0.2.19
  Downloaded pkcs1 v0.7.5
  Downloaded unicode-xid v0.2.6
  Downloaded universal-hash v0.5.1
  Downloaded webpki-roots v0.26.11
  Downloaded stability v0.2.1
  Downloaded serde_spanned v0.6.9
  Downloaded rustc-hash v2.1.3
  Downloaded subtle v2.6.1
  Downloaded want v0.3.1
  Downloaded ark-snark v0.5.1
  Downloaded clap_builder v4.6.0
  Downloaded hashbrown v0.14.5
  Downloaded memchr v2.8.2
  Downloaded mio v1.2.1
  Downloaded proptest v1.11.0
  Downloaded scopeguard v1.2.0
  Downloaded toml_edit v0.22.27
  Downloaded valuable v0.1.1
  Downloaded walkdir v2.5.0
  Downloaded zerofrom v0.1.8
  Downloaded zerofrom-derive v0.1.7
  Downloaded zeroize v1.9.0
  Downloaded zeroize_derive v1.5.0
  Downloaded zerotrie v0.2.4
  Downloaded zerovec v0.11.6
  Downloaded zerovec-derive v0.11.3
  Downloaded base64ct v1.8.3
  Downloaded bincode v1.3.3
  Downloaded bit-vec v0.8.0
  Downloaded chrono v0.4.45
  Downloaded futures-util v0.3.32
  Downloaded gdbstub v0.7.10
  Downloaded gimli v0.31.1
  Downloaded hex-literal v0.4.1
  Downloaded http-body v1.0.1
  Downloaded http-body-util v0.1.3
  Downloaded hyper-rustls v0.27.9
  Downloaded num-conv v0.2.2
  Downloaded num-iter v0.1.45
  Downloaded quinn-proto v0.11.16
  Downloaded rand_core v0.9.5
  Downloaded ringbuffer v0.15.0
  Downloaded risc0-binfmt v3.0.4
  Downloaded rrs-lib v0.1.0
  Downloaded same-file v1.0.6
  Downloaded signature v2.2.0
  Downloaded spki v0.7.3
  Downloaded stable_deref_trait v1.2.1
  Downloaded strum v0.27.2
  Downloaded zip v2.4.2
  Downloaded curve25519-dalek v4.1.3
  Downloaded iana-time-zone v0.1.65
  Downloaded icu_properties v2.2.0
  Downloaded ndarray v0.16.1
  Downloaded num-complex v0.4.6
  Downloaded num-derive v0.4.2
  Downloaded num-integer v0.1.46
  Downloaded tower-layer v0.3.3
  Downloaded http v1.4.2
  Downloaded hyper v1.10.1
  Downloaded hyper-util v0.1.20
  Downloaded icu_collections v2.2.0
  Downloaded num-bigint-dig v0.8.6
  Downloaded tracing v0.1.44
  Downloaded tracing-core v0.1.36
  Downloaded try-lock v0.2.5
  Downloaded unarray v0.1.4
  Downloaded untrusted v0.9.0
  Downloaded utf8_iter v1.0.4
  Downloaded anstyle v1.0.14
  Downloaded managed v0.8.0
  Downloaded risc0-build v3.0.5
  Downloaded rustc-demangle v0.1.27
  Downloaded rustc_version v0.4.1
  Downloaded rustls-pemfile v2.2.0
  Downloaded rustversion v1.0.22
  Downloaded sha2 v0.10.9
  Downloaded slab v0.4.12
  Downloaded strum_macros v0.27.2
  Downloaded sync_wrapper v1.0.2
  Downloaded synstructure v0.13.2
  Downloaded thiserror v2.0.18
  Downloaded thiserror-impl v1.0.69
  Downloaded thread_local v1.1.9
  Downloaded tinystr v0.8.3
  Downloaded risc0-zkos-v1compat v2.2.2
  Downloaded static_assertions v1.1.0
  Downloaded tap v1.0.1
  Downloaded thiserror v1.0.69
  Downloaded typetag v0.2.22
  Downloaded typetag-impl v0.2.22
  Downloaded url v2.5.8
  Downloaded utf8parse v0.2.2
  Downloaded allocator-api2 v0.2.21
  Downloaded anstream v1.0.0
  Downloaded anstyle-parse v1.0.0
  Downloaded anstyle-query v1.1.5
  Downloaded blake2 v0.10.6
  Downloaded block-buffer v0.10.4
  Downloaded borsh v1.7.0
  Downloaded encoding_rs v0.8.35
  Downloaded hashbrown v0.17.1
  Downloaded hashlink v0.10.0
  Downloaded heapless v0.7.17
  Downloaded icu_provider v2.2.0
  Downloaded typenum v1.20.1
  Downloaded unicode-ident v1.0.24
  Downloaded unicode-width v0.1.14
  Downloaded aho-corasick v1.1.4
  Downloaded matchers v0.2.0
  Downloaded risc0-zkvm-platform v2.2.2
  Downloaded rustls-pki-types v1.15.0
  Downloaded shlex v2.0.1
  Downloaded simd-adler32 v0.3.9
  Downloaded thiserror-impl v2.0.18
  Downloaded malachite v0.4.22
  Downloaded atomic-waker v1.1.2
  Downloaded is_terminal_polyfill v1.70.2
  Downloaded num_enum_derive v0.7.6
  Downloaded proc-macro2-diagnostics v0.10.1
  Downloaded semver v1.0.28
  Downloaded liblzma-sys v0.4.7
  Downloaded smallvec v1.15.2
  Downloaded spin v0.9.8
  Downloaded tempfile v3.27.0
  Downloaded time-macros v0.2.31
  Downloaded tinyvec v1.11.0
  Downloaded malachite-q v0.4.22
  Downloaded miniz_oxide v0.8.9
  Downloaded nu-ansi-term v0.50.3
  Downloaded num-bigint v0.3.3
  Downloaded num-bigint v0.4.8
  Downloaded nvtx v1.3.0
  Downloaded pem-rfc7468 v0.7.0
  Downloaded pkcs8 v0.10.2
  Downloaded prost v0.13.5
  Downloaded quote v1.0.46
  Downloaded rand v0.9.4
  Downloaded rcgen v0.13.2
  Downloaded risc0-groth16 v3.0.4
  Downloaded serde_core v1.0.228
  Downloaded serde_with_macros v3.21.0
  Downloaded sharded-slab v0.1.7
  Downloaded socket2 v0.6.4
  Downloaded tokio-rustls v0.26.4
  Downloaded webpki-roots v1.0.8
  Downloaded zmij v1.0.21
  Downloaded addr2line v0.24.2
  Downloaded adler2 v2.0.1
  Downloaded aead v0.5.2
  Downloaded ahash v0.8.12
  Downloaded anyhow v1.0.103
  Downloaded ariadne v0.4.1
  Downloaded ark-bn254 v0.5.0
  Downloaded ark-crypto-primitives v0.5.0
  Downloaded ark-crypto-primitives-macros v0.5.0
  Downloaded rand v0.8.6
  Downloaded tracing-attributes v0.1.31
  Downloaded tracing-log v0.2.0
  Downloaded twox-hash v1.6.3
  Downloaded typed-arena v2.0.2
  Downloaded typeid v1.0.3
  Downloaded winnow v0.7.15
  Downloaded writeable v0.6.3
  Downloaded wyz v0.5.1
  Downloaded zerocopy v0.8.52
  Downloaded zopfli v0.8.3
  Downloaded aes v0.8.4
  Downloaded aes-gcm v0.10.3
  Downloaded ark-ff-asm v0.5.0
  Downloaded ark-ff-macros v0.5.0
  Downloaded bitflags v2.13.0
  Downloaded borsh-derive v1.7.0
  Downloaded ident_case v1.0.1
  Downloaded idna_adapter v1.2.2
  Downloaded include_bytes_aligned v0.1.4
  Downloaded inventory v0.3.24
  Downloaded opaque-debug v0.3.1
  Downloaded potential_utf v0.1.5
  Downloaded rayon-core v1.13.0
  Downloaded ruzstd v0.7.3
  Downloaded ryu v1.0.23
  Downloaded rzup v0.5.1
  Downloaded schemars v0.9.0
  Downloaded serde_derive v1.0.228
  Downloaded toml_datetime v0.6.11
  Downloaded toml_parser v1.1.2+spec-1.1.0
  Downloaded wide v0.7.33
  Downloaded ark-ec v0.5.0
  Downloaded ark-ff v0.5.0
  Downloaded ark-groth16 v0.5.0
  Downloaded ark-poly v0.5.0
  Downloaded indexmap v1.9.3
  Downloaded indexmap v2.14.0
  Downloaded num_enum v0.7.6
  Downloaded option-ext v0.2.0
  Downloaded parking_lot v0.12.5
  Downloaded percent-encoding v2.3.2
  Downloaded proc-macro2 v1.0.106
  Downloaded toml_write v0.1.2
  Downloaded winnow v1.0.3
  Downloaded yoke-derive v0.8.2
  Downloaded ark-r1cs-std v0.5.0
  Downloaded ark-relations v0.5.1
  Downloaded ark-serialize-derive v0.5.0
  Downloaded bitvec v1.1.1
  Downloaded idna v1.1.0
  Downloaded parking_lot_core v0.9.12
  Downloaded rsa v0.9.10
  Downloaded tokio-util v0.7.18
  Downloaded ipnet v2.12.0
  Downloaded liblzma v0.4.7
  Downloaded lru-slab v0.1.2
  Downloaded matrixmultiply v0.3.10
  Downloaded rustls-webpki v0.103.13
  Downloaded safe_arch v0.7.4
  Downloaded ark-serialize v0.5.0
  Downloaded ark-std v0.5.0
  Downloaded arraydeque v0.5.1
  Downloaded arrayvec v0.7.8
  Downloaded log v0.4.33
  Downloaded itertools v0.10.5
  Downloaded itertools v0.13.0
  Downloaded itertools v0.11.0
  Downloaded libm v0.2.16
  Downloaded risc0-circuit-recursion v4.0.4
  Downloaded schemars v1.2.1
  Downloaded serde v1.0.228
  Downloaded toml v0.8.23
  Downloaded tower-service v0.3.3
  Downloaded lazy_static v1.5.0
  Downloaded once_cell v1.21.4
  Downloaded rand v0.10.2
  Downloaded toml_datetime v1.1.1+spec-1.1.0
  Downloaded yoke v0.8.3
  Downloaded yasna v0.5.2
  Downloaded autocfg v1.5.1
  Downloaded risc0-zkp v3.0.4
  Downloaded ppv-lite86 v0.2.21
  Downloaded maybe-async v0.2.11
  Downloaded proc-macro-crate v3.5.0
  Downloaded reqwest v0.12.28
  Downloaded postcard v1.1.3
  Downloaded malachite-float v0.4.22
  Downloaded malachite-base v0.4.22
  Downloaded yansi v1.0.1
  Downloaded lazy-regex v3.6.0
  Downloaded merlin v3.0.0
  Downloaded ruint v1.19.0
  Downloaded toml_edit v0.25.12+spec-1.1.0
  Downloaded yaml-rust2 v0.10.4
  Downloaded bs58 v0.5.1
  Downloaded keccak v0.1.6
  Downloaded lazy-regex-proc_macros v3.6.0
  Downloaded paste v1.0.15
  Downloaded pastey v0.2.3
  Downloaded pkg-config v0.3.33
  Downloaded regex v1.12.4
  Downloaded serde_json v1.0.150
  Downloaded tracing-subscriber v0.2.25
  Downloaded memmap2 v0.9.11
  Downloaded polyval v0.6.2
  Downloaded rayon v1.12.0
  Downloaded tower v0.5.3
  Downloaded base64 v0.22.1
  Downloaded serde_with v3.21.0
  Downloaded icu_properties_data v2.2.0
  Downloaded tower-http v0.6.11
  Downloaded syn v1.0.109
  Downloaded tracing-subscriber v0.3.23
  Downloaded time v0.3.53
  Downloaded itertools v0.14.0
  Downloaded syn v2.0.118
  Downloaded regex-syntax v0.8.11
  Downloaded object v0.36.7
  Downloaded rustls v0.23.41
  Downloaded malachite-nz v0.4.22
  Downloaded rustix v1.1.4
  Downloaded linux-raw-sys v0.12.1
  Downloaded regex-automata v0.4.14
  Downloaded risc0-circuit-recursion-sys v4.0.2
  Downloaded tokio v1.52.3
  Downloaded libc v0.2.186
  Downloaded risc0-circuit-rv32im-sys v4.0.2
  Downloaded ring v0.17.14
  Downloaded risc0-circuit-keccak-sys v4.0.2
  Downloaded risc0-zkvm v3.0.5
  Downloaded risc0-circuit-keccak v4.0.5
   Compiling proc-macro2 v1.0.106
   Compiling unicode-ident v1.0.24
   Compiling quote v1.0.46
   Compiling libc v0.2.186
   Compiling cfg-if v1.0.4
   Compiling syn v2.0.118
   Compiling version_check v0.9.5
   Compiling generic-array v0.14.7
   Compiling jobserver v0.1.35
   Compiling shlex v2.0.1
   Compiling find-msvc-tools v0.1.9
   Compiling cc v1.2.65
   Compiling getrandom v0.2.17
   Compiling autocfg v1.5.1
   Compiling serde_core v1.0.228
   Compiling zerocopy v0.8.52
   Compiling once_cell v1.21.4
   Compiling rand_core v0.6.4
   Compiling synstructure v0.13.2
   Compiling zerofrom-derive v0.1.7
   Compiling typenum v1.20.1
   Compiling serde v1.0.228
   Compiling serde_derive v1.0.228
   Compiling libm v0.2.16
   Compiling yoke-derive v0.8.2
   Compiling subtle v2.6.1
   Compiling crossbeam-utils v0.8.22
   Compiling crypto-common v0.1.7
   Compiling crossbeam-epoch v0.9.20
   Compiling zeroize_derive v1.5.0
   Compiling zeroize v1.9.0
   Compiling zerovec-derive v0.11.3
   Compiling crossbeam-deque v0.8.7
   Compiling displaydoc v0.2.6
   Compiling num-traits v0.2.19
   Compiling rayon-core v1.13.0
   Compiling either v1.16.0
   Compiling const-oid v0.9.6
   Compiling getrandom v0.4.3
   Compiling rustix v1.1.4
   Compiling bitflags v2.13.0
   Compiling smallvec v1.15.2
   Compiling block-buffer v0.10.4
   Compiling digest v0.10.7
   Compiling pin-project-lite v0.2.17
   Compiling ppv-lite86 v0.2.21
   Compiling cpufeatures v0.2.17
   Compiling log v0.4.33
   Compiling option-ext v0.2.0
   Compiling linux-raw-sys v0.12.1
   Compiling stable_deref_trait v1.2.1
   Compiling dirs-sys v0.5.0
   Compiling sha2 v0.10.9
   Compiling fastrand v2.4.1
   Compiling hex v0.4.3
   Compiling rayon v1.12.0
   Compiling tempfile v3.27.0
   Compiling directories v6.0.0
   Compiling ring v0.17.14
   Compiling memchr v2.8.2
   Compiling risc0-build-kernel v2.0.1
   Compiling num-integer v0.1.46
   Compiling icu_properties_data v2.2.0
   Compiling icu_normalizer_data v2.2.0
   Compiling zerofrom v0.1.8
   Compiling tracing-core v0.1.36
   Compiling paste v1.0.15
   Compiling yoke v0.8.3
   Compiling byteorder v1.5.0
   Compiling risc0-sys v1.5.0 (/home/runner/work/anubis-lang/anubis-lang/vendor/risc0-sys)
   Compiling tracing-attributes v0.1.31
   Compiling httparse v1.10.1
   Compiling zerovec v0.11.6
   Compiling tracing v0.1.44
   Compiling getrandom v0.3.4
   Compiling futures-core v0.3.32
   Compiling rand_chacha v0.3.1
   Compiling anyhow v1.0.103
   Compiling bytes v1.12.0
   Compiling rand v0.8.6
   Compiling ahash v0.8.12
   Compiling futures-sink v0.3.32
   Compiling parking_lot_core v0.9.12
   Compiling itoa v1.0.18
   Compiling semver v1.0.28
   Compiling futures-channel v0.3.32
   Compiling rustc_version v0.4.1
   Compiling rand_core v0.9.5
   Compiling tinystr v0.8.3
   Compiling bytemuck_derive v1.10.2
   Compiling glob v0.3.3
   Compiling writeable v0.6.3
   Compiling scopeguard v1.2.0
   Compiling syn v1.0.109
   Compiling ident_case v1.0.1
   Compiling thiserror v2.0.18
   Compiling strsim v0.11.1
   Compiling litemap v0.8.2
   Compiling icu_locale_core v2.2.0
   Compiling bytemuck v1.25.0
   Compiling lock_api v0.4.14
   Compiling potential_utf v0.1.5
   Compiling zerotrie v0.2.4
   Compiling thiserror-impl v2.0.18
   Compiling futures-macro v0.3.32
   Compiling nvtx v1.3.0
   Compiling mio v1.2.1
   Compiling socket2 v0.6.4
   Compiling winnow v1.0.3
   Compiling hashbrown v0.17.1
   Compiling equivalent v1.0.2
   Compiling futures-io v0.3.32
   Compiling slab v0.4.12
   Compiling utf8_iter v1.0.4
   Compiling futures-task v0.3.32
   Compiling futures-util v0.3.32
   Compiling toml_parser v1.1.2+spec-1.1.0
   Compiling icu_collections v2.2.0
   Compiling indexmap v2.14.0
   Compiling tokio v1.52.3
   Compiling icu_provider v2.2.0
   Compiling parking_lot v0.12.5
   Compiling http v1.4.2
   Compiling itertools v0.10.5
   Compiling num-bigint v0.3.3
   Compiling rustversion v1.0.22
   Compiling percent-encoding v2.3.2
   Compiling toml_datetime v1.1.1+spec-1.1.0
   Compiling rustls-pki-types v1.15.0
   Compiling toml_edit v0.25.12+spec-1.1.0
   Compiling puffin v0.19.1
   Compiling http-body v1.0.1
   Compiling enum-ordinalize-derive v4.4.1
   Compiling foldhash v0.1.5
   Compiling allocator-api2 v0.2.21
   Compiling untrusted v0.9.0
   Compiling radium v0.7.0
   Compiling spin v0.9.8
   Compiling cfg_aliases v0.2.1
   Compiling borsh v1.7.0
   Compiling lazy_static v1.5.0
   Compiling hashbrown v0.15.5
   Compiling enum-ordinalize v4.4.1
   Compiling risc0-core v3.0.1
   Compiling icu_normalizer v2.2.0
   Compiling icu_properties v2.2.0
   Compiling proc-macro-crate v3.5.0
   Compiling ark-std v0.5.0
   Compiling num-bigint v0.4.8
   Compiling ark-serialize-derive v0.5.0
   Compiling num_enum_derive v0.7.6
   Compiling matrixmultiply v0.3.10
   Compiling pkg-config v0.3.33
   Compiling tap v1.0.1
   Compiling thiserror v1.0.69
   Compiling arrayvec v0.7.8
   Compiling try-lock v0.2.5
   Compiling tower-service v0.3.3
   Compiling rustls v0.23.41
   Compiling want v0.3.1
   Compiling ark-serialize v0.5.0
   Compiling wyz v0.5.1
   Compiling liblzma-sys v0.4.7
   Compiling num_enum v0.7.6
   Compiling ark-ff-macros v0.5.0
   Compiling addchain v0.2.1
   Compiling idna_adapter v1.2.2
   Compiling borsh-derive v1.7.0
   Compiling educe v0.6.0
   Compiling rustls-webpki v0.103.13
   Compiling form_urlencoded v1.2.2
   Compiling rand_chacha v0.9.0
   Compiling blake2 v0.10.6
   Compiling itertools v0.13.0
   Compiling ark-ff-asm v0.5.0
   Compiling stability v0.2.1
   Compiling funty v2.0.0
   Compiling zmij v1.0.21
   Compiling atomic-waker v1.1.2
   Compiling base64ct v1.8.3
   Compiling crc32fast v1.5.0
   Compiling rawpointer v0.2.1
   Compiling unicode-xid v0.2.6
   Compiling heck v0.5.0
   Compiling ryu v1.0.23
   Compiling derive_more-impl v2.1.1
   Compiling pem-rfc7468 v0.7.0
   Compiling hyper v1.10.1
   Compiling bitvec v1.1.1
   Compiling risc0-zkvm-platform v2.2.2
   Compiling ark-ff v0.5.0
   Compiling rand v0.9.4
   Compiling idna v1.1.0
   Compiling ff_derive v0.13.1
   Compiling heapless v0.7.17
   Compiling sync_wrapper v1.0.2
   Compiling num-complex v0.4.6
   Compiling thiserror-impl v1.0.69
   Compiling tower-layer v0.3.3
   Compiling base64 v0.22.1
   Compiling simd-adler32 v0.3.9
   Compiling risc0-zkp v3.0.4
   Compiling serde_json v1.0.150
   Compiling ipnet v2.12.0
   Compiling hyper-util v0.1.20
   Compiling tower v0.5.3
   Compiling ndarray v0.16.1
   Compiling ff v0.13.1
   Compiling url v2.5.8
   Compiling tokio-rustls v0.26.4
   Compiling der v0.7.10
   Compiling derive_more v2.1.1
   Compiling webpki-roots v1.0.8
   Compiling darling_core v0.23.0
   Compiling hash32 v0.2.1
   Compiling aho-corasick v1.1.4
   Compiling signature v2.2.0
   Compiling fnv v1.0.7
   Compiling adler2 v2.0.1
   Compiling regex-syntax v0.8.11
   Compiling hex-literal v0.4.1
   Compiling regex-automata v0.4.14
   Compiling miniz_oxide v0.8.9
   Compiling darling_core v0.20.11
   Compiling serde_urlencoded v0.7.1
   Compiling darling_macro v0.23.0
   Compiling spki v0.7.3
   Compiling hyper-rustls v0.27.9
   Compiling tower-http v0.6.11
   Compiling http-body-util v0.1.3
   Compiling cobs v0.3.0
   Compiling futures-executor v0.3.32
   Compiling hashbrown v0.14.5
   Compiling itertools v0.11.0
   Compiling serde_spanned v0.6.9
   Compiling toml_datetime v0.6.11
   Compiling winnow v0.7.15
   Compiling toml_write v0.1.2
   Compiling malachite-nz v0.4.22
   Compiling num-bigint-dig v0.8.6
   Compiling ruint-macro v1.2.1
   Compiling toml_edit v0.22.27
   Compiling ruint v1.19.0
   Compiling reqwest v0.12.28
   Compiling malachite-base v0.4.22
   Compiling futures v0.3.32
   Compiling postcard v1.1.3
   Compiling pkcs8 v0.10.2
   Compiling darling v0.23.0
   Compiling darling_macro v0.20.11
   Compiling flate2 v1.1.9
   Compiling ark-poly v0.5.0
   Compiling risc0-circuit-recursion-sys v4.0.2
   Compiling keccak v0.1.6
   Compiling tracing-subscriber v0.2.25
   Compiling num-iter v0.1.45
   Compiling elf v0.7.4
   Compiling risc0-binfmt v3.0.4
   Compiling ark-relations v0.5.1
   Compiling ark-ec v0.5.0
   Compiling darling v0.20.11
   Compiling downloader v0.2.8
   Compiling serde_with_macros v3.21.0
   Compiling pkcs1 v0.7.5
   Compiling regex v1.12.4
   Compiling toml v0.8.23
   Compiling strum_macros v0.27.2
   Compiling hashlink v0.10.0
   Compiling risc0-circuit-keccak-sys v4.0.2
   Compiling proc-macro2-diagnostics v0.10.1
   Compiling encoding_rs v0.8.35
   Compiling zip v2.4.2
   Compiling arraydeque v0.5.1
   Compiling typeid v1.0.3
   Compiling bumpalo v3.20.3
   Compiling static_assertions v1.1.0
   Compiling camino v1.2.4
   Compiling twox-hash v1.6.3
   Compiling zopfli v0.8.3
   Compiling yaml-rust2 v0.10.4
   Compiling strum v0.27.2
   Compiling lazy-regex-proc_macros v3.6.0
   Compiling rsa v0.9.10
   Compiling serde_with v3.21.0
   Compiling malachite-q v0.4.22
   Compiling risc0-circuit-recursion v4.0.4
   Compiling derive_builder_core v0.20.2
   Compiling ark-snark v0.5.1
   Compiling liblzma v0.4.7
   Compiling merlin v3.0.0
   Compiling derivative v2.2.0
   Compiling risc0-circuit-rv32im-sys v4.0.2
   Compiling curve25519-dalek v4.1.3
   Compiling inout v0.1.4
   Compiling ark-crypto-primitives-macros v0.5.0
   Compiling utf8parse v0.2.2
   Compiling erased-serde v0.4.10
   Compiling object v0.36.7
   Compiling cpp_demangle v0.4.5
   Compiling pastey v0.2.3
   Compiling managed v0.8.0
   Compiling gdbstub v0.7.10
   Compiling anstyle-parse v1.0.0
   Compiling ark-crypto-primitives v0.5.0
   Compiling cipher v0.4.4
   Compiling lazy-regex v3.6.0
   Compiling risc0-circuit-keccak v4.0.5
   Compiling derive_builder_macro v0.20.2
   Compiling malachite-float v0.4.22
   Compiling rzup v0.5.1
   Compiling ruzstd v0.7.3
   Compiling tokio-util v0.7.18
   Compiling safe_arch v0.7.4
   Compiling itertools v0.14.0
   Compiling universal-hash v0.5.1
   Compiling cargo-platform v0.1.9
   Compiling enum-map-derive v0.17.0
   Compiling no_std_strings v0.1.3
   Compiling time-core v0.1.9
   Compiling anstyle v1.0.14
   Compiling anstyle-query v1.1.5
   Compiling opaque-debug v0.3.1
   Compiling num-conv v0.2.2
   Compiling is_terminal_polyfill v1.70.2
   Compiling colorchoice v1.0.5
   Compiling deranged v0.5.8
   Compiling powerfmt v0.2.0
   Compiling typetag v0.2.22
   Compiling include_bytes_aligned v0.1.4
   Compiling fallible-iterator v0.3.0
   Compiling gimli v0.31.1
   Compiling risc0-zkos-v1compat v2.2.2
   Compiling time v0.3.53
   Compiling anstream v1.0.0
   Compiling polyval v0.6.2
   Compiling enum-map v2.7.3
   Compiling cargo_metadata v0.19.2
   Compiling prost-derive v0.13.5
   Compiling wide v0.7.33
   Compiling duplicate v2.0.1
   Compiling malachite v0.4.22
   Compiling derive_builder v0.20.2
   Compiling ark-groth16 v0.5.0
   Compiling dirs v6.0.0
   Compiling gdbstub_arch v0.3.3
   Compiling ark-bn254 v0.5.0
   Compiling ed25519 v2.2.3
   Compiling typetag-impl v0.2.22
   Compiling num-derive v0.4.2
   Compiling maybe-async v0.2.11
   Compiling memmap2 v0.9.11
   Compiling unicode-width v0.1.14
   Compiling yansi v1.0.1
   Compiling downcast-rs v1.2.1
   Compiling ringbuffer v0.15.0
   Compiling clap_lex v1.1.0
   Compiling inventory v0.3.24
   Compiling rustc-demangle v0.1.27
   Compiling typed-arena v2.0.2
   Compiling iana-time-zone v0.1.65
   Compiling bit-vec v0.8.0
   Compiling docker-generate v0.1.3
   Compiling risc0-build v3.0.5
   Compiling risc0-circuit-rv32im v4.0.4 (/home/runner/work/anubis-lang/anubis-lang/vendor/risc0-circuit-rv32im)
   Compiling chrono v0.4.45
   Compiling addr2line v0.24.2
   Compiling clap_builder v4.6.0
   Compiling rrs-lib v0.1.0
   Compiling ariadne v0.4.1
   Compiling bonsai-sdk v1.4.2
   Compiling ed25519-dalek v2.2.0
   Compiling risc0-groth16 v3.0.4
   Compiling prost v0.13.5
   Compiling ghash v0.5.1
   Compiling yasna v0.5.2
   Compiling aes v0.8.4
   Compiling ctr v0.9.2
   Compiling pem v3.0.6
   Compiling matchers v0.2.0
   Compiling clap_derive v4.6.1
   Compiling sharded-slab v0.1.7
   Compiling tracing-log v0.2.0
   Compiling aead v0.5.2
   Compiling bincode v1.3.3
   Compiling thread_local v1.1.9
   Compiling same-file v1.0.6
   Compiling anubis-solver v0.1.0 (/home/runner/work/anubis-lang/anubis-lang/solver)
   Compiling nu-ansi-term v0.50.3
   Compiling tracing-subscriber v0.3.23
   Compiling anubis-compiler v0.1.0 (/home/runner/work/anubis-lang/anubis-lang/compiler)
   Compiling walkdir v2.5.0
   Compiling aes-gcm v0.10.3
   Compiling clap v4.6.1
   Compiling rcgen v0.13.2
   Compiling webpki-roots v0.26.11
   Compiling rustls-pemfile v2.2.0
