Verifying bundle: /tmp/tam/evidence-20260706-032928-safe
  manifest.json present (preferred for v1)
  internal validate passed
Bundle structure and basic hashes OK. Verdict from manifest:
PASS
verify_bundle.sh: SUCCESS for /tmp/tam/evidence-20260706-032928-safe
ERROR not detected receipt.bin
Verifying bundle: /tmp/tam/evidence-20260706-032928-safe
  manifest.json present (preferred for v1)
  internal validate passed
Bundle structure and basic hashes OK. Verdict from manifest:
PASS
verify_bundle.sh: SUCCESS for /tmp/tam/evidence-20260706-032928-safe
ERROR not detected image_id.txt
Verifying bundle: /tmp/tam/evidence-20260706-032928-safe
  manifest.json present (preferred for v1)
  internal validate passed
Bundle structure and basic hashes OK. Verdict from manifest:
PASS
verify_bundle.sh: SUCCESS for /tmp/tam/evidence-20260706-032928-safe
ERROR not detected guest.elf
Verifying bundle: /tmp/tam/evidence-20260706-032928-safe
  manifest.json present (preferred for v1)
  internal validate passed
Bundle structure and basic hashes OK. Verdict from manifest:
PASS
verify_bundle.sh: SUCCESS for /tmp/tam/evidence-20260706-032928-safe
ERROR not detected risc0_metadata.json
Verifying bundle: /tmp/tam/evidence-20260706-032928-safe
  manifest.json present (preferred for v1)
  internal validate passed
Bundle structure and basic hashes OK. Verdict from manifest:
PASS
verify_bundle.sh: SUCCESS for /tmp/tam/evidence-20260706-032928-safe
ERROR not detected receipt.verify.log
